<html>
<body>
<pre>
<h1>µVision Build Log</h1>
<h2>Tool Versions:</h2>
IDE-Version: ¦ÌVision V5.38.0.0
Copyright (C) 2022 ARM Ltd and ARM Germany GmbH. All rights reserved.
License Information: lj Administrator, JK, LIC=WHYH9-4ZW6G-TG17T-R739D-ZWPZ5-PK2TP
 
Tool Versions:
Toolchain:       MDK-ARM Plus  Version: 5.38.0.0
Toolchain Path:  C:\Keil_v5\ARM\ARMCC\Bin
C Compiler:      Armcc.exe V5.06 update 4 (build 422)
Assembler:       Armasm.exe V5.06 update 4 (build 422)
Linker/Locator:  ArmLink.exe V5.06 update 4 (build 422)
Library Manager: ArmAr.exe V5.06 update 4 (build 422)
Hex Converter:   FromElf.exe V5.06 update 4 (build 422)
CPU DLL:         SARMCM3.DLL V5.38.0.0
Dialog DLL:      DARMP1.DLL V1.28.1.0
Target DLL:      Segger\JL2CM3.dll V2.99.42.0
Dialog DLL:      TARMP1.DLL V1.27.1.0
 
<h2>Project:</h2>
H:\JK9306_3\Project\project.uvprojx
Project File Date:  07/20/2023

<h2>Output:</h2>
*** Using Compiler 'V5.06 update 4 (build 422)', folder: 'C:\Keil_v5\ARM\ARMCC\Bin'
Build target 'Open1788'
compiling test.c...
..\User\Test\test.c(1087): warning:  #175-D: subscript out of range
  if(t>20&&!Para_Set[13].val)GPIO_SetValue(0,1<<12);//beep on
..\User\Test\test.c(839): warning:  #177-D: variable "buf"  was declared but never referenced
  	char  buf[8]={"0"};
..\User\Test\test.c(840): warning:  #177-D: variable "over"  was declared but never referenced
  	char  over[7]={"       "};
..\User\Test\test.c(842): warning:  #177-D: variable "i"  was declared but never referenced
  	uint8_t i=0,potv,potvp,poti,potw,potva;
..\User\Test\test.c(842): warning:  #177-D: variable "potv"  was declared but never referenced
  	uint8_t i=0,potv,potvp,poti,potw,potva;
..\User\Test\test.c(842): warning:  #177-D: variable "potvp"  was declared but never referenced
  	uint8_t i=0,potv,potvp,poti,potw,potva;
..\User\Test\test.c(842): warning:  #177-D: variable "poti"  was declared but never referenced
  	uint8_t i=0,potv,potvp,poti,potw,potva;
..\User\Test\test.c(842): warning:  #177-D: variable "potw"  was declared but never referenced
  	uint8_t i=0,potv,potvp,poti,potw,potva;
..\User\Test\test.c(842): warning:  #177-D: variable "potva"  was declared but never referenced
  	uint8_t i=0,potv,potvp,poti,potw,potva;
..\User\Test\test.c(843): warning:  #177-D: variable "valp"  was declared but never referenced
  	uint32_t valp,pfx;
..\User\Test\test.c(843): warning:  #177-D: variable "pfx"  was declared but never referenced
  	uint32_t valp,pfx;
..\User\Test\test.c(1483): warning:  #177-D: variable "ci"  was declared but never referenced
  	static uint8_t key,ci,p;
..\User\Test\test.c(1484): warning:  #177-D: variable "j"  was declared but never referenced
  	static uint16_t j;
..\User\Test\test.c(1485): warning:  #550-D: variable "maxP"  was set but never used
  	u8 maxP=Nub5cur;
..\User\Test\test.c(1486): warning:  #550-D: variable "minP"  was set but never used
  	u8 minP=Nub1cur;
..\User\Test\test.c(1487): warning:  #550-D: variable "dotP"  was set but never used
  	u8 dotP=Nub3cur;
..\User\Test\test.c: 16 warnings, 0 errors
linking...
Program Size: Code=36134 RO-data=12066 RW-data=11116 ZI-data=4684  
FromELF: creating hex file...
After Build - User command #1: C:\Keil_v5\ARM\ARMCC\bin\fromelf.exe --bin  -o ..\shengji\update.bin Output\project.axf
".\Output\project.axf" - 0 Error(s), 16 Warning(s).

<h2>Software Packages used:</h2>

Package Vendor: Keil
                http://www.keil.com/pack/Keil.LPC1700_DFP.2.7.1.pack
                Keil.LPC1700_DFP.2.7.1
                NXP LPC1700 Series Device Support, Drivers and Examples for MCB1700 and LPC1788-32

<h2>Collection of Component include folders:</h2>
  C:/Keil_v5/ARM/PACK/Keil/LPC1700_DFP/2.7.1/Device/Include

<h2>Collection of Component Files used:</h2>
Build Time Elapsed:  00:00:02
</pre>
</body>
</html>
