Component: ARM Compiler 5.06 update 4 (build 422) Tool: armlink [4d35d2]

==============================================================================

Section Cross References

    main.o(.text) refers to test.o(.text) for Send_Uart3
    main.o(.text) refers to lpc177x_8x_clkpwr.o(.text) for CLKPWR_GetCLK
    main.o(.text) refers to key.o(.text) for HW_keyInt
    main.o(.text) refers to debug_frmwrk.o(.text) for debug_uart0_init
    main.o(.text) refers to ex_sdram.o(.text) for SDRAM_Init
    main.o(.text) refers to lpc177x_8x_lcd.o(.text) for GLCD_Ctrl
    main.o(.text) refers to usbhost_lpc17xx.o(.text) for Host_Init
    main.o(.text) refers to lpc177x_8x_gpio.o(.text) for GPIO_ClearValue
    main.o(.text) refers to main.o(.data) for .data
    main.o(.text) refers to logo.o(.data) for LogoPic
    main.o(.text) refers to lpc177x_8x_lcd.o(.data) for Colour
    main.o(.text) refers to key.o(.bss) for Button_Page
    main.o(.text) refers to globalvalue.o(.data) for SystemStatus
    timer.o(.text) refers to modbus_slave.o(.text) for MODS_Poll
    timer.o(.text) refers to system_lpc177x_8x.o(.data) for PeripheralClock
    timer.o(.text) refers to modbus_slave.o(.data) for Tick_10ms
    timer.o(.text) refers to timer.o(.data) for .data
    lpc177x_8x_lcd.o(.text) refers to system_lpc177x_8x.o(.data) for PeripheralClock
    lpc177x_8x_lcd.o(.text) refers to asciilib.o(.text) for GetASCIICode
    lpc177x_8x_lcd.o(.text) refers to lpc177x_8x_lcd.o(.constdata) for .constdata
    lpc177x_8x_lcd.o(.text) refers to lpc177x_8x_lcd.o(.data) for .data
    lpc177x_8x_lcd.o(.text) refers to asciilib.o(.data) for nAsciiDot20X40E
    lpc177x_8x_lcd.o(.text) refers to asciilib.o(.constdata) for MainData_num
    lpc177x_8x_lcd.o(.text) refers to globalvalue.o(.bss) for DispBuf
    logo.o(.data) refers to logo.o(.constdata) for LogoStream
    asciilib.o(.text) refers to memmovea.o(.text) for __aeabi_memcpy
    asciilib.o(.text) refers to asciilib.o(.constdata) for .constdata
    touchpanel.o(.text) refers to lpc177x_8x_ssp.o(.text) for SSP_ReadWrite
    touchpanel.o(.text) refers to lpc177x_8x_pinsel.o(.text) for PINSEL_ConfigPin
    touchpanel.o(.text) refers to lpc177x_8x_gpio.o(.text) for GPIO_SetDir
    touchpanel.o(.text) refers to memseta.o(.text) for __aeabi_memclr4
    touchpanel.o(.text) refers to dflti.o(.text) for __aeabi_i2d
    touchpanel.o(.text) refers to cdcmple.o(.text) for __aeabi_cdcmpeq
    touchpanel.o(.text) refers to dfltui.o(.text) for __aeabi_ui2d
    touchpanel.o(.text) refers to dmul.o(.text) for __aeabi_dmul
    touchpanel.o(.text) refers to dadd.o(.text) for __aeabi_dadd
    touchpanel.o(.text) refers to ddiv.o(.text) for __aeabi_ddiv
    touchpanel.o(.text) refers to dfixui.o(.text) for __aeabi_d2uiz
    touchpanel.o(.text) refers to touchpanel.o(.bss) for .bss
    touchpanel.o(.text) refers to touchpanel.o(.data) for .data
    touchpanel.o(.text) refers to lpc177x_8x_lcd.o(.text) for lcd_Clear
    use_disp.o(.text) refers to lpc177x_8x_lcd.o(.text) for LCD_DrawRectShade
    use_disp.o(.text) refers to lpc177x_8x_eeprom.o(.text) for EEPROM_Write
    use_disp.o(.text) refers to globalvalue.o(.bss) for SaveData
    use_disp.o(.text) refers to set_manu.o(.data) for Para_Set
    use_disp.o(.text) refers to globalvalue.o(.bss) for Saveeeprom
    use_disp.o(.text) refers to test.o(.data) for Para_main
    use_disp.o(.text) refers to lpc177x_8x_lcd.o(.data) for Colour
    use_disp.o(.text) refers to use_disp.o(.constdata) for .constdata
    key.o(.text) refers to lpc177x_8x_gpio.o(.text) for GPIO_SetDir
    key.o(.text) refers to main.o(.text) for Delay
    key.o(.text) refers to key.o(.constdata) for .constdata
    test.o(.text) refers to lpc177x_8x_eeprom.o(.text) for EEPROM_Init
    test.o(.text) refers to use_disp.o(.text) for ReadSavedata
    test.o(.text) refers to lpc177x_8x_lcd.o(.text) for LCD_DrawRect
    test.o(.text) refers to globalvalue.o(.data) for Uart_Send_Flag
    test.o(.text) refers to set_manu.o(.data) for Para_Set
    test.o(.text) refers to main.o(.data) for setflag
    test.o(.text) refers to test.o(.data) for .data
    test.o(.text) refers to lpc177x_8x_lcd.o(.data) for Colour
    test.o(.text) refers to test.o(.constdata) for .constdata
    test.o(.text) refers to debug_frmwrk.o(.bss) for ComBuf
    test.o(.text) refers to test.o(.bss) for .bss
    test.o(.text) refers to key.o(.text) for BUZZER
    test.o(.text) refers to lpc177x_8x_gpio.o(.text) for GPIO_SetValue
    test.o(.text) refers to globalvalue.o(.bss) for DispBuf
    test.o(.text) refers to asciilib.o(.data) for nAsciiDot20X40E
    test.o(.text) refers to modbus_slave.o(.text) for CRC16_Modbus
    test.o(.text) refers to debug_frmwrk.o(.text) for uartSendChars
    test.o(.text) refers to memmovea.o(.text) for __aeabi_memcpy4
    test.o(.text) refers to use_disp.o(.constdata) for CHNAME
    test.o(.text) refers to use_disp.o(.constdata) for SubDataTab
    test.o(.text) refers to use_disp.o(.constdata) for DataTabE
[...]
    RL_ARM.s                                 0x00000000   Number         0  wm_setsize.o ABSOLUTE
    RL_ARM.s                                 0x00000000   Number         0  gui__memset16.o ABSOLUTE
    RL_ARM.s                                 0x00000000   Number         0  wm_setcapture.o ABSOLUTE
    RL_ARM.s                                 0x00000000   Number         0  wm_screen2win.o ABSOLUTE
    RL_ARM.s                                 0x00000000   Number         0  wm_pid__getprevstate.o ABSOLUTE
    RL_ARM.s                                 0x00000000   Number         0  lcd_aa.o ABSOLUTE
    RL_ARM.s                                 0x00000000   Number         0  wm_onkey.o ABSOLUTE
    RL_ARM.s                                 0x00000000   Number         0  wm_iswindow.o ABSOLUTE
    RL_ARM.s                                 0x00000000   Number         0  wm_getwindowrect.o ABSOLUTE
    RL_ARM.s                                 0x00000000   Number         0  wm_getparent.o ABSOLUTE
    RL_ARM.s                                 0x00000000   Number         0  wm_getorg.o ABSOLUTE
    RL_ARM.s                                 0x00000000   Number         0  wm__sendmessagenopara.o ABSOLUTE
    RL_ARM.s                                 0x00000000   Number         0  wm__sendmessageifenabled.o ABSOLUTE
    RL_ARM.s                                 0x00000000   Number         0  wm__isenabled.o ABSOLUTE
    RL_ARM.s                                 0x00000000   Number         0  wm__isancestor.o ABSOLUTE
    RL_ARM.s                                 0x00000000   Number         0  wm__getprevsibling.o ABSOLUTE
    RL_ARM.s                                 0x00000000   Number         0  guidev_write.o ABSOLUTE
    RL_ARM.s                                 0x00000000   Number         0  guidev_usagebm.o ABSOLUTE
    RL_ARM.s                                 0x00000000   Number         0  guidev_setorg.o ABSOLUTE
    RL_ARM.s                                 0x00000000   Number         0  guidev_getysize.o ABSOLUTE
    RL_ARM.s                                 0x00000000   Number         0  guidev_getxsize.o ABSOLUTE
    RL_ARM.s                                 0x00000000   Number         0  gui_rectsintersect.o ABSOLUTE
    RL_ARM.s                                 0x00000000   Number         0  gui_selectlayer.o ABSOLUTE
    RL_ARM.s                                 0x00000000   Number         0  gui_onkey.o ABSOLUTE
    RL_ARM.s                                 0x00000000   Number         0  guidev_getpos.o ABSOLUTE
    RL_ARM.s                                 0x00000000   Number         0  gui_moverect.o ABSOLUTE
    RL_ARM.s                                 0x00000000   Number         0  gui_setdefault.o ABSOLUTE
    RL_ARM.s                                 0x00000000   Number         0  gui_mergerect.o ABSOLUTE
    RL_ARM.s                                 0x00000000   Number         0  gui_waitevent.o ABSOLUTE
    RL_ARM.s                                 0x00000000   Number         0  gui_getcolor.o ABSOLUTE
    RL_ARM.s                                 0x00000000   Number         0  guicc_0.o ABSOLUTE
    RL_ARM.s                                 0x00000000   Number         0  lcd_getnumdisplays.o ABSOLUTE
    RL_ARM.s                                 0x00000000   Number         0  lcd_setcliprectex.o ABSOLUTE
    RL_ARM.s                                 0x00000000   Number         0  guidev.o ABSOLUTE
    RL_ARM.s                                 0x00000000   Number         0  guidev_banding.o ABSOLUTE
    RL_ARM.s                                 0x00000000   Number         0  gui_setcolor.o ABSOLUTE
    RL_ARM.s                                 0x00000000   Number         0  guidev_staticdevices.o ABSOLUTE
    RL_ARM.s                                 0x00000000   Number         0  wm__updatechildpositions.o ABSOLUTE
    RL_ARM.s                                 0x00000000   Number         0  guidev_usage.o ABSOLUTE
    RL_ARM.s                                 0x00000000   Number         0  lcd_getpixelcolor.o ABSOLUTE
    RL_ARM.s                                 0x00000000   Number         0  guidev_writetoactiveopaque.o ABSOLUTE
    RL_ARM.s                                 0x00000000   Number         0  gui_getbitmappixelindex.o ABSOLUTE
    RL_ARM.s                                 0x00000000   Number         0  wm__sendmessage.o ABSOLUTE
    RL_ARM.s                                 0x00000000   Number         0  gui__divtbl_255_31.o ABSOLUTE
    RL_ARM.s                                 0x00000000   Number         0  wm_bringtobottom.o ABSOLUTE
    RL_ARM.s                                 0x00000000   Number         0  gui_cursorpal.o ABSOLUTE
    RL_ARM.s                                 0x00000000   Number         0  wm_criticalhandle.o ABSOLUTE
    RL_ARM.s                                 0x00000000   Number         0  gui__divtbl_255_63.o ABSOLUTE
    RL_ARM.s                                 0x00000000   Number         0  wm_getclientrect.o ABSOLUTE
    RL_ARM.s                                 0x00000000   Number         0  gui_cursorarrowmpx.o ABSOLUTE
    RL_ARM.s                                 0x00000000   Number         0  wm_getfirstchild.o ABSOLUTE
    RL_ARM.s                                 0x00000000   Number         0  gui__divtbl_31_255.o ABSOLUTE
    RL_ARM.s                                 0x00000000   Number         0  wm_notifyparent.o ABSOLUTE
    RL_ARM.s                                 0x00000000   Number         0  wm_resizewindow.o ABSOLUTE
    RL_ARM.s                                 0x00000000   Number         0  wm_sendmessagenopara.o ABSOLUTE
    RL_ARM.s                                 0x00000000   Number         0  wm_getdesktopwindowex.o ABSOLUTE
    RL_ARM.s                                 0x00000000   Number         0  wm_sendtoparent.o ABSOLUTE
    RL_ARM.s                                 0x00000000   Number         0  wm__getfirstsibling.o ABSOLUTE
    RL_ARM.s                                 0x00000000   Number         0  wm_timer.o ABSOLUTE
    RL_ARM.s                                 0x00000000   Number         0  guidev_reduceysize.o ABSOLUTE
    RL_ARM.s                                 0x00000000   Number         0  wm_touch.o ABSOLUTE
    RL_ARM.s                                 0x00000000   Number         0  gui_charm.o ABSOLUTE
    RL_ARM.s                                 0x00000000   Number         0  gui__alpha.o ABSOLUTE
    RL_ARM.s                                 0x00000000   Number         0  gui_alloc_alloczero.o ABSOLUTE
    RL_ARM.s                                 0x00000000   Number         0  gui__compactpixelindices.o ABSOLUTE
    RL_ARM.s                                 0x00000000   Number         0  guidev_writetoactivealpha.o ABSOLUTE
    RL_ARM.s                                 0x00000000   Number         0  gui_calccolordist.o ABSOLUTE
    RL_ARM.s                                 0x00000000   Number         0  gui__managecache.o ABSOLUTE
    RL_ARM.s                                 0x00000000   Number         0  gui_curs1.o ABSOLUTE
    RL_ARM.s                                 0x00000000   Number         0  gui__intersectrects.o ABSOLUTE
    RL_ARM.s                                 0x00000000   Number         0  gui_getorg.o ABSOLUTE
    RL_ARM.s                                 0x00000000   Number         0  gui__intersectrect.o ABSOLUTE
    RL_ARM.s                                 0x00000000   Number         0  gui_pen.o ABSOLUTE
    RL_ARM.s                                 0x00000000   Number         0  wm_getdesktopwindow.o ABSOLUTE
    RL_ARM.s                                 0x00000000   Number         0  gui_pid.o ABSOLUTE
    RL_ARM.s                                 0x00000000   Number         0  lcd_selectlcd.o ABSOLUTE
    RL_ARM.s                                 0x00000000   Number         0  gui_selectlcd.o ABSOLUTE
    RL_ARM.s                                 0x00000000   Number         0  wm.o ABSOLUTE
    RL_ARM.s                                 0x00000000   Number         0  gui_setalpha.o ABSOLUTE
    RL_ARM.s                                 0x00000000   Number         0  lcd_readrect.o ABSOLUTE
    RL_ARM.s                                 0x00000000   Number         0  gui_setdrawmode.o ABSOLUTE
    RL_ARM.s                                 0x00000000   Number         0  gui_savecontext.o ABSOLUTE
    RL_ARM.s                                 0x00000000   Number         0  gui_setfont.o ABSOLUTE
    RL_ARM.s                                 0x00000000   Number         0  guidev_16.o ABSOLUTE
    RL_ARM.s                                 0x00000000   Number         0  gui_setlinestyle.o ABSOLUTE
    RL_ARM.s                                 0x00000000   Number         0  gui__divtbl_63_255.o ABSOLUTE
    RL_ARM.s                                 0x00000000   Number         0  gui_settextalign.o ABSOLUTE
    RL_ARM.s                                 0x00000000   Number         0  f6x8.o ABSOLUTE
    RL_ARM.s                                 0x00000000   Number         0  gui_settextmode.o ABSOLUTE
    RL_ARM.s                                 0x00000000   Number         0  guicc_8888_index2color.o ABSOLUTE
    RL_ARM.s                                 0x00000000   Number         0  gui_time.o ABSOLUTE
    RL_ARM.s                                 0x00000000   Number         0  lcd_mirror.o ABSOLUTE
    RL_ARM.s                                 0x00000000   Number         0  gui_timer.o ABSOLUTE
    RL_ARM.s                                 0x00000000   Number         0  gui__memset.o ABSOLUTE
    RL_ARM.s                                 0x00000000   Number         0  guicc_8888.o ABSOLUTE
    RL_ARM.s                                 0x00000000   Number         0  lcd_color.o ABSOLUTE
    RL_ARM.s                                 0x00000000   Number         0  lcd_getcolorindex.o ABSOLUTE
    RL_ARM.s                                 0x00000000   Number         0  guicc_888_index2color.o ABSOLUTE
    RL_ARM.s                                 0x00000000   Number         0  lcd_updatecolorindices.o ABSOLUTE
    RL_ARM.s                                 0x00000000   Number         0  gui_charp.o ABSOLUTE
    RL_ARM.s                                 0x00000000   Number         0  guidev_32.o ABSOLUTE
    RL_ARM.s                                 0x00000000   Number         0  gui_sprite.o ABSOLUTE
    RL_ARM.s                                 0x00000000   Number         0  guidev_clear.o ABSOLUTE
    RL_ARM.s                                 0x00000000   Number         0  gui_goto.o ABSOLUTE
    RL_ARM.s                                 0x00000000   Number         0  guidev_createfixed.o ABSOLUTE
    RL_ARM.s                                 0x00000000   Number         0  gui_exec.o ABSOLUTE
    RL_ARM.s                                 0x00000000   Number         0  guidev_getdataptr.o ABSOLUTE
    RL_ARM.s                                 0x00000000   Number         0  lcd_getp.o ABSOLUTE
    RL_ARM.s                                 0x00000000   Number         0  gui_setorg.o ABSOLUTE
    RL_ARM.s                                 0x00000000   Number         0  wm_move.o ABSOLUTE
    RL_ARM.s                                 0x00000000   Number         0  fd60x80.o ABSOLUTE
    RL_ARM.s                                 0x00000000   Number         0  gui_drawbitmap.o ABSOLUTE
    RL_ARM.s                                 0x00000000   Number         0  guidrv_lin_16.o ABSOLUTE
    RL_ARM.s                                 0x00000000   Number         0  gui_task.o ABSOLUTE
    RL_ARM.s                                 0x00000000   Number         0  lcd_set.o ABSOLUTE
    RL_ARM.s                                 0x00000000   Number         0  gui_cursorarrowm.o ABSOLUTE
    RL_ARM.s                                 0x00000000   Number         0  lcd_getex.o ABSOLUTE
    RL_ARM.s                                 0x00000000   Number         0  guicc_m565.o ABSOLUTE
    RL_ARM.s                                 0x00000000   Number         0  gui_device.o ABSOLUTE
    RL_ARM.s                                 0x00000000   Number         0  gui_core.o ABSOLUTE
    RL_ARM.s                                 0x00000000   Number         0  gui_alloc.o ABSOLUTE
    cdcmple.s                                0x00000000   Number         0  cdcmple.o ABSOLUTE
    cdrcmple.s                               0x00000000   Number         0  cdrcmple.o ABSOLUTE
    cfrcmple.s                               0x00000000   Number         0  cfrcmple.o ABSOLUTE
    dc.s                                     0x00000000   Number         0  dc.o ABSOLUTE
    handlers.s                               0x00000000   Number         0  handlers.o ABSOLUTE
    init.s                                   0x00000000   Number         0  init.o ABSOLUTE
    .ARM.Collect$$$$00000000                 0x000000e4   Section        0  entry.o(.ARM.Collect$$$$00000000)
    .ARM.Collect$$$$00000001                 0x000000e4   Section        4  entry2.o(.ARM.Collect$$$$00000001)
    .ARM.Collect$$$$00000004                 0x000000e8   Section        4  entry5.o(.ARM.Collect$$$$00000004)
    .ARM.Collect$$$$00000008                 0x000000ec   Section        0  entry7b.o(.ARM.Collect$$$$00000008)
    .ARM.Collect$$$$0000000A                 0x000000ec   Section        0  entry8b.o(.ARM.Collect$$$$0000000A)
    .ARM.Collect$$$$0000000B                 0x000000ec   Section        8  entry9a.o(.ARM.Collect$$$$0000000B)
    .ARM.Collect$$$$0000000D                 0x000000f4   Section        0  entry10a.o(.ARM.Collect$$$$0000000D)
    .ARM.Collect$$$$0000000F                 0x000000f4   Section        0  entry11a.o(.ARM.Collect$$$$0000000F)
    .ARM.Collect$$$$00002712                 0x000000f4   Section        4  entry2.o(.ARM.Collect$$$$00002712)
    __lit__00000000                          0x000000f4   Data           4  entry2.o(.ARM.Collect$$$$00002712)
    .text                                    0x000000f8   Section        0  main.o(.text)
    .text                                    0x00000230   Section        0  timer.o(.text)
    NVIC_EnableIRQ                           0x00000427   Thumb Code    22  timer.o(.text)
    .text                                    0x00000458   Section        0  lpc177x_8x_lcd.o(.text)
    .text                                    0x000018fc   Section        0  asciilib.o(.text)
    .text                                    0x00001930   Section        0  use_disp.o(.text)
    .text                                    0x00002064   Section        0  key.o(.text)
    .text                                    0x000021f0   Section        0  test.o(.text)
    .text                                    0x00003dd0   Section        0  ex_sdram.o(.text)
    .text                                    0x00003ff4   Section        0  set_manu.o(.text)
    SlectPara                                0x00003ff5   Thumb Code  1456  set_manu.o(.text)
    .text                                    0x00004990   Section        0  bsp_bmp.o(.text)
    .text                                    0x00004b54   Section       36  startup_lpc177x_8x.o(.text)
    .text                                    0x00004b78   Section        0  system_lpc177x_8x.o(.text)
    .text                                    0x00004d30   Section        0  lpc177x_8x_gpio.o(.text)
    GPIO_GetPointer                          0x00004d31   Thumb Code    52  lpc177x_8x_gpio.o(.text)
    FIO_HalfWordGetPointer                   0x00004d65   Thumb Code    52  lpc177x_8x_gpio.o(.text)
    FIO_ByteGetPointer                       0x00004d99   Thumb Code    46  lpc177x_8x_gpio.o(.text)
    .text                                    0x00004ff4   Section        0  lpc177x_8x_clkpwr.o(.text)
    .text                                    0x000050cc   Section        0  lpc177x_8x_uart.o(.text)
    uart_set_divisors                        0x000050cd   Thumb Code   284  lpc177x_8x_uart.o(.text)
    .text                                    0x000056b8   Section        0  debug_frmwrk.o(.text)
    NVIC_EnableIRQ                           0x00005d8b   Thumb Code    22  debug_frmwrk.o(.text)
    .text                                    0x00005db4   Section        0  lpc177x_8x_eeprom.o(.text)
    .text                                    0x0000603c   Section        0  lpc177x_8x_pinsel.o(.text)
    PIN_GetPointer                           0x00006191   Thumb Code    12  lpc177x_8x_pinsel.o(.text)
    .text                                    0x000061a0   Section        0  modbus_slave.o(.text)
    MODS_SendWithCRC                         0x00006211   Thumb Code    72  modbus_slave.o(.text)
    MODS_WriteRegValue                       0x00006259   Thumb Code   108  modbus_slave.o(.text)
    MODS_04H                                 0x000062c5   Thumb Code   226  modbus_slave.o(.text)
    MODS_ReadRegValue                        0x000063a7   Thumb Code   120  modbus_slave.o(.text)
    MODS_03H                                 0x0000641f   Thumb Code   208  modbus_slave.o(.text)
    MODS_02H                                 0x000064ef   Thumb Code   168  modbus_slave.o(.text)
    MODS_01H                                 0x00006597   Thumb Code   184  modbus_slave.o(.text)
    MODS_SendAckErr                          0x00006711   Thumb Code    36  modbus_slave.o(.text)
    MODS_10H                                 0x00006735   Thumb Code   100  modbus_slave.o(.text)
    MODS_06H                                 0x00006799   Thumb Code    70  modbus_slave.o(.text)
    MODS_05H                                 0x000067df   Thumb Code   108  modbus_slave.o(.text)
    MODS_SendAckOk                           0x0000684b   Thumb Code    32  modbus_slave.o(.text)
    .text                                    0x00006874   Section        0  ff.o(.text)
    move_window                              0x00006875   Thumb Code   106  ff.o(.text)
    sync                                     0x000068df   Thumb Code   182  ff.o(.text)
    remove_chain                             0x00006b5b   Thumb Code    96  ff.o(.text)
    create_chain                             0x00006bbb   Thumb Code   148  ff.o(.text)
    dir_sdi                                  0x00006c4f   Thumb Code   126  ff.o(.text)
    dir_next                                 0x00006ccd   Thumb Code   234  ff.o(.text)
    dir_read                                 0x00006db7   Thumb Code    68  ff.o(.text)
    dir_register                             0x00006dfb   Thumb Code    92  ff.o(.text)
    dir_remove                               0x00006e57   Thumb Code    40  ff.o(.text)
    create_name                              0x00006e7f   Thumb Code   258  ff.o(.text)
    get_fileinfo                             0x00006f81   Thumb Code    96  ff.o(.text)
    follow_path                              0x00006fe1   Thumb Code   172  ff.o(.text)
    check_fs                                 0x0000708d   Thumb Code    90  ff.o(.text)
    chk_mounted                              0x000070e7   Thumb Code   542  ff.o(.text)
    mem_cpy                                  0x00007f0b   Thumb Code    16  ff.o(.text)
    mem_set                                  0x00007f1b   Thumb Code    16  ff.o(.text)
    validate                                 0x00007f2b   Thumb Code    32  ff.o(.text)
    .text                                    0x00007f4c   Section        0  diskio.o(.text)
    .text                                    0x0000801c   Section        0  usbhost_ms.o(.text)
    .text                                    0x00008454   Section        0  usbhost_lpc17xx.o(.text)
    .text                                    0x00008a20   Section        0  uldiv.o(.text)
    .text                                    0x00008a82   Section        0  memmovea.o(.text)
    .text                                    0x00008ac2   Section        0  memseta.o(.text)
    .text                                    0x00008ae6   Section        0  strncpy.o(.text)
    .text                                    0x00008afe   Section        0  strlen.o(.text)
    .text                                    0x00008b0c   Section        0  uidiv.o(.text)
    .text                                    0x00008b38   Section        0  llshl.o(.text)
    .text                                    0x00008b56   Section        0  llushr.o(.text)
    .text                                    0x00008b78   Section       36  init.o(.text)
    .text                                    0x00008b9c   Section        0  __dclz77c.o(.text)
    i.__0sprintf$1                           0x00008bfc   Section        0  printf1.o(i.__0sprintf$1)
    i.__scatterload_copy                     0x00008c24   Section       14  handlers.o(i.__scatterload_copy)
    i.__scatterload_null                     0x00008c32   Section        2  handlers.o(i.__scatterload_null)
    i.__scatterload_zeroinit                 0x00008c34   Section       14  handlers.o(i.__scatterload_zeroinit)
    i._printf_core                           0x00008c44   Section        0  printf1.o(i._printf_core)
    _printf_core                             0x00008c45   Thumb Code   336  printf1.o(i._printf_core)
    i._sputc                                 0x00008d98   Section        0  printf1.o(i._sputc)
    _sputc                                   0x00008d99   Thumb Code    10  printf1.o(i._sputc)
    .constdata                               0x00008da2   Section     5365  lpc177x_8x_lcd.o(.constdata)
    .constdata                               0x0000a298   Section     1440  logo.o(.constdata)
    .constdata                               0x0000a838   Section     2660  asciilib.o(.constdata)
    AsciiLib                                 0x0000a838   Data        1520  asciilib.o(.constdata)
    nAsciiDot                                0x0000ae28   Data        1140  asciilib.o(.constdata)
    .constdata                               0x0000b29c   Section      832  asciilib.o(.constdata)
    .constdata                               0x0000b5dc   Section       40  use_disp.o(.constdata)
    .constdata                               0x0000b604   Section       40  use_disp.o(.constdata)
    .constdata                               0x0000b62c   Section       15  use_disp.o(.constdata)
    .constdata                               0x0000b63b   Section      120  use_disp.o(.constdata)
    .constdata                               0x0000b6b3   Section      220  use_disp.o(.constdata)
    .constdata                               0x0000b78f   Section      352  use_disp.o(.constdata)
    .constdata                               0x0000b8ef   Section        6  key.o(.constdata)
    .constdata                               0x0000b8f8   Section      107  test.o(.constdata)
    .constdata                               0x0000b963   Section      512  modbus_slave.o(.constdata)
    s_CRCHi                                  0x0000b963   Data         256  modbus_slave.o(.constdata)
    .conststring                             0x0000bb64   Section       89  debug_frmwrk.o(.conststring)
    .data                                    0x10000000   Section       12  main.o(.data)
    .data                                    0x1000000c   Section        1  main.o(.data)
    .data                                    0x1000000d   Section        1  main.o(.data)
    .data                                    0x10000010   Section       16  timer.o(.data)
    .data                                    0x10000020   Section        8  lpc177x_8x_lcd.o(.data)
    .data                                    0x10000028   Section       28  logo.o(.data)
    .data                                    0x10000044   Section     9792  asciilib.o(.data)
    .data                                    0x10002684   Section      628  test.o(.data)
    t                                        0x10002689   Data           1  test.o(.data)
    alrmi                                    0x1000268a   Data           1  test.o(.data)
    alrmp                                    0x1000268b   Data           1  test.o(.data)
    key                                      0x1000268c   Data           1  test.o(.data)
    p                                        0x1000268d   Data           1  test.o(.data)
    .data                                    0x100028f8   Section        1  test.o(.data)
    .data                                    0x100028fc   Section        4  globalvalue.o(.data)
    .data                                    0x10002900   Section        1  globalvalue.o(.data)
    .data                                    0x10002904   Section        4  globalvalue.o(.data)
    .data                                    0x10002908   Section      390  set_manu.o(.data)
    OFForON_En                               0x1000290a   Data           8  set_manu.o(.data)
    OFForON_Ch                               0x10002a64   Data          10  set_manu.o(.data)
    Language_En                              0x10002a6e   Data          16  set_manu.o(.data)
    Language_Ch                              0x10002a7e   Data          16  set_manu.o(.data)
    .data                                    0x10002a90   Section        4  bsp_bmp.o(.data)
    .data                                    0x10002a94   Section       16  system_lpc177x_8x.o(.data)
    .data                                    0x10002aa4   Section       60  debug_frmwrk.o(.data)
    .data                                    0x10002ae0   Section       60  modbus_slave.o(.data)
    g_mods_timeout                           0x10002ae0   Data           1  modbus_slave.o(.data)
    .data                                    0x10002b1c   Section        8  ff.o(.data)
    Fsid                                     0x10002b1c   Data           2  ff.o(.data)
    FatFs                                    0x10002b20   Data           4  ff.o(.data)
    .data                                    0x10002b24   Section        8  diskio.o(.data)
    .data                                    0x10002b2c   Section        8  usbhost_ms.o(.data)
    tag_cnt                                  0x10002b2c   Data           4  usbhost_ms.o(.data)
    .data                                    0x10002b34   Section       56  usbhost_lpc17xx.o(.data)
    .bss                                     0x10002b6c   Section       12  key.o(.bss)
    .bss                                     0x10002b78   Section      168  test.o(.bss)
    .bss                                     0x10002c20   Section      548  test.o(.bss)
    .bss                                     0x10002e44   Section      220  globalvalue.o(.bss)
    .bss                                     0x10002f20   Section      220  globalvalue.o(.bss)
    .bss                                     0x10002ffc   Section       12  globalvalue.o(.bss)
    .bss                                     0x10003008   Section       20  set_manu.o(.bss)
    .bss                                     0x1000301c   Section     1075  debug_frmwrk.o(.bss)
    buffer                                   0x1000301c   Data         513  debug_frmwrk.o(.bss)
    .bss                                     0x1000344f   Section      323  modbus_slave.o(.bss)
    .bss                                     0x10003592   Section       36  diskio.o(.bss)
    STACK                                    0x100035b8   Section     2048  startup_lpc177x_8x.o(STACK)

    Global Symbols

    Symbol Name                              Value     Ov Type        Size  Object(Section)

    BuildAttributes$$THM_ISAv4$P$D$K$B$S$PE$A:L22UL41UL21$X:L11$S22US41US21$IEEE1$IW$~IW$USESV6$~STKCKD$USESV7$~SHL$OTIME$ROPI$EBA8$MICROLIB$REQ8$PRES8$EABIv2 0x00000000   Number         0  anon$$obj.o ABSOLUTE
    __ARM_use_no_argv                        0x00000000   Number         0  main.o ABSOLUTE
    __Vectors                                0x00000000   Data           4  startup_lpc177x_8x.o(RESET)
    _printf_a                                0x00000000   Number         0  stubs.o ABSOLUTE
    _printf_c                                0x00000000   Number         0  stubs.o ABSOLUTE
    _printf_charcount                        0x00000000   Number         0  stubs.o ABSOLUTE
    _printf_d                                0x00000000   Number         0  stubs.o ABSOLUTE
    _printf_e                                0x00000000   Number         0  stubs.o ABSOLUTE
    _printf_f                                0x00000000   Number         0  stubs.o ABSOLUTE
    _printf_flags                            0x00000000   Number         0  stubs.o ABSOLUTE
    _printf_fp_dec                           0x00000000   Number         0  stubs.o ABSOLUTE
    _printf_fp_hex                           0x00000000   Number         0  stubs.o ABSOLUTE
    _printf_g                                0x00000000   Number         0  stubs.o ABSOLUTE
    _printf_i                                0x00000000   Number         0  stubs.o ABSOLUTE
    _printf_int_dec                          0x00000000   Number         0  stubs.o ABSOLUTE
    _printf_l                                0x00000000   Number         0  stubs.o ABSOLUTE
    _printf_lc                               0x00000000   Number         0  stubs.o ABSOLUTE
    _printf_ll                               0x00000000   Number         0  stubs.o ABSOLUTE
    _printf_lld                              0x00000000   Number         0  stubs.o ABSOLUTE
    _printf_lli                              0x00000000   Number         0  stubs.o ABSOLUTE
    _printf_llo                              0x00000000   Number         0  stubs.o ABSOLUTE
    _printf_llu                              0x00000000   Number         0  stubs.o ABSOLUTE
    _printf_llx                              0x00000000   Number         0  stubs.o ABSOLUTE
    _printf_longlong_dec                     0x00000000   Number         0  stubs.o ABSOLUTE
    _printf_longlong_hex                     0x00000000   Number         0  stubs.o ABSOLUTE
    _printf_longlong_oct                     0x00000000   Number         0  stubs.o ABSOLUTE
    _printf_ls                               0x00000000   Number         0  stubs.o ABSOLUTE
    _printf_mbtowc                           0x00000000   Number         0  stubs.o ABSOLUTE
    _printf_n                                0x00000000   Number         0  stubs.o ABSOLUTE
    _printf_o                                0x00000000   Number         0  stubs.o ABSOLUTE
    _printf_p                                0x00000000   Number         0  stubs.o ABSOLUTE
    _printf_percent                          0x00000000   Number         0  stubs.o ABSOLUTE
    _printf_pre_padding                      0x00000000   Number         0  stubs.o ABSOLUTE
    _printf_return_value                     0x00000000   Number         0  stubs.o ABSOLUTE
    _printf_s                                0x00000000   Number         0  stubs.o ABSOLUTE
    _printf_sizespec                         0x00000000   Number         0  stubs.o ABSOLUTE
    _printf_str                              0x00000000   Number         0  stubs.o ABSOLUTE
    _printf_truncate_signed                  0x00000000   Number         0  stubs.o ABSOLUTE
    _printf_truncate_unsigned                0x00000000   Number         0  stubs.o ABSOLUTE
    _printf_u                                0x00000000   Number         0  stubs.o ABSOLUTE
    _printf_wc                               0x00000000   Number         0  stubs.o ABSOLUTE
    _printf_wctomb                           0x00000000   Number         0  stubs.o ABSOLUTE
    _printf_widthprec                        0x00000000   Number         0  stubs.o ABSOLUTE
    _printf_x                                0x00000000   Number         0  stubs.o ABSOLUTE
    __cpp_initialize__aeabi_                  - Undefined Weak Reference
    __cxa_finalize                            - Undefined Weak Reference
    _clock_init                               - Undefined Weak Reference
    _microlib_exit                            - Undefined Weak Reference
    __main                                   0x000000e5   Thumb Code     0  entry.o(.ARM.Collect$$$$00000000)
    _main_stk                                0x000000e5   Thumb Code     0  entry2.o(.ARM.Collect$$$$00000001)
    _main_scatterload                        0x000000e9   Thumb Code     0  entry5.o(.ARM.Collect$$$$00000004)
    __main_after_scatterload                 0x000000ed   Thumb Code     0  entry5.o(.ARM.Collect$$$$00000004)
    _main_clock                              0x000000ed   Thumb Code     0  entry7b.o(.ARM.Collect$$$$00000008)
    _main_cpp_init                           0x000000ed   Thumb Code     0  entry8b.o(.ARM.Collect$$$$0000000A)
    _main_init                               0x000000ed   Thumb Code     0  entry9a.o(.ARM.Collect$$$$0000000B)
    __rt_final_cpp                           0x000000f5   Thumb Code     0  entry10a.o(.ARM.Collect$$$$0000000D)
    __rt_final_exit                          0x000000f5   Thumb Code     0  entry11a.o(.ARM.Collect$$$$0000000F)
    SysTick_Handler                          0x000000f9   Thumb Code    46  main.o(.text)
    Delay                                    0x00000127   Thumb Code    14  main.o(.text)
    Chip_Clock_EnablePLL                     0x00000135   Thumb Code     2  main.o(.text)
    HAL_USBInit                              0x00000137   Thumb Code     2  main.o(.text)
    main                                     0x00000139   Thumb Code   220  main.o(.text)
    delayMs                                  0x00000231   Thumb Code   166  timer.o(.text)
    TIMER0_IRQHandler                        0x000002d7   Thumb Code    32  timer.o(.text)
    TIMER1_IRQHandler                        0x000002f7   Thumb Code    16  timer.o(.text)
    TIMER2_IRQHandler                        0x00000307   Thumb Code    16  timer.o(.text)
    TIMER3_IRQHandler                        0x00000317   Thumb Code    16  timer.o(.text)
    enable_timer                             0x00000327   Thumb Code    36  timer.o(.text)
    disable_timer                            0x0000034b   Thumb Code    34  timer.o(.text)
    reset_timer                              0x0000036d   Thumb Code    48  timer.o(.text)
    init_timer                               0x0000039d   Thumb Code   138  timer.o(.text)
    GLCD_Ctrl                                0x00000459   Thumb Code    66  lpc177x_8x_lcd.o(.text)
    GLCD_SetPallet                           0x0000049b   Thumb Code    16  lpc177x_8x_lcd.o(.text)
    GLCD_Init                                0x000004ab   Thumb Code   414  lpc177x_8x_lcd.o(.text)
    lcd_Clear                                0x00000649   Thumb Code    18  lpc177x_8x_lcd.o(.text)
    LCD_DrawRect                             0x0000065b   Thumb Code    54  lpc177x_8x_lcd.o(.text)
    RGBCOLOR                                 0x00000691   Thumb Code    10  lpc177x_8x_lcd.o(.text)
    LCD_ReadPixel                            0x0000069b   Thumb Code    24  lpc177x_8x_lcd.o(.text)
    LCD_DrawRectShade                        0x000006b3   Thumb Code   168  lpc177x_8x_lcd.o(.text)
    LCD_SetPoint                             0x0000075b   Thumb Code    28  lpc177x_8x_lcd.o(.text)
    LCD_DrawLine                             0x00000777   Thumb Code   578  lpc177x_8x_lcd.o(.text)
    LCD_DrawLineShade                        0x000009b9   Thumb Code   390  lpc177x_8x_lcd.o(.text)
    PutChar                                  0x00000b3f   Thumb Code   136  lpc177x_8x_lcd.o(.text)
    PutNum                                   0x00000bc7   Thumb Code    16  lpc177x_8x_lcd.o(.text)
    PutCharShade                             0x00000bd7   Thumb Code   198  lpc177x_8x_lcd.o(.text)
    PutChar_12                               0x00000c9d   Thumb Code    86  lpc177x_8x_lcd.o(.text)
    GUI_Text                                 0x00000cf3   Thumb Code    70  lpc177x_8x_lcd.o(.text)
    lcd_display_coord                        0x00000d39   Thumb Code   282  lpc177x_8x_lcd.o(.text)
    findHzIndex21                            0x00000e53   Thumb Code    46  lpc177x_8x_lcd.o(.text)
    findHzIndex                              0x00000e81   Thumb Code    44  lpc177x_8x_lcd.o(.text)
    findHzIndex_16                           0x00000ead   Thumb Code    48  lpc177x_8x_lcd.o(.text)
    LCD_ShowFontCN_40_55                     0x00000edd   Thumb Code   106  lpc177x_8x_lcd.o(.text)
    LCD_ShowFontCN_STR_40_55                 0x00000f47   Thumb Code    92  lpc177x_8x_lcd.o(.text)
    LCD_ShowFontCN_16                        0x00000fa3   Thumb Code   254  lpc177x_8x_lcd.o(.text)
    LCD_ShowFontCN                           0x000010a1   Thumb Code   200  lpc177x_8x_lcd.o(.text)
    LCD_ShowFontCN21                         0x00001169   Thumb Code   384  lpc177x_8x_lcd.o(.text)
    LCD_ShowFontCN_16_Shade                  0x000012e9   Thumb Code   364  lpc177x_8x_lcd.o(.text)
    WriteOneHzChar21                         0x00001455   Thumb Code    36  lpc177x_8x_lcd.o(.text)
    WriteOneHzChar_16_Shade                  0x00001479   Thumb Code    34  lpc177x_8x_lcd.o(.text)
    WriteOneHzChar                           0x0000149b   Thumb Code    20  lpc177x_8x_lcd.o(.text)
    WriteOneHzChar_16                        0x000014af   Thumb Code    20  lpc177x_8x_lcd.o(.text)
    WriteString                              0x000014c3   Thumb Code   148  lpc177x_8x_lcd.o(.text)
    WriteString21                            0x00001557   Thumb Code   188  lpc177x_8x_lcd.o(.text)
    WriteString_Big                          0x00001613   Thumb Code    78  lpc177x_8x_lcd.o(.text)
    WriteString_16                           0x00001661   Thumb Code   164  lpc177x_8x_lcd.o(.text)
    WriteString_16_Shade                     0x00001705   Thumb Code   184  lpc177x_8x_lcd.o(.text)
    WriteString_12                           0x000017bd   Thumb Code   148  lpc177x_8x_lcd.o(.text)
    Hex_Format                               0x00001851   Thumb Code   164  lpc177x_8x_lcd.o(.text)
    GetASCIICode                             0x000018fd   Thumb Code    16  asciilib.o(.text)
    GetASCIICode_12                          0x0000190d   Thumb Code    28  asciilib.o(.text)
    Polygon_Box                              0x00001931   Thumb Code   298  use_disp.o(.text)
    SysSet_Polygon_Box                       0x00001a5b   Thumb Code   396  use_disp.o(.text)
    Print_Box                                0x00001be7   Thumb Code   110  use_disp.o(.text)
    Disp_Box                                 0x00001c55   Thumb Code   274  use_disp.o(.text)
    Draw_LIN5                                0x00001d67   Thumb Code    36  use_disp.o(.text)
    Draw_LIN3_Y                              0x00001d8b   Thumb Code    16  use_disp.o(.text)
    lcd_image                                0x00001d9b   Thumb Code    42  use_disp.o(.text)
    Savetoeeprom                             0x00001dc5   Thumb Code   112  use_disp.o(.text)
    ReadSavedata                             0x00001e35   Thumb Code   194  use_disp.o(.text)
    Disp_Sys_Screen                          0x00001ef7   Thumb Code    20  use_disp.o(.text)
    Disp_SysLine                             0x00001f0b   Thumb Code    96  use_disp.o(.text)
    Disp_Button_SysSet                       0x00001f6b   Thumb Code    24  use_disp.o(.text)
    Disp_Sys_Item                            0x00001f83   Thumb Code   168  use_disp.o(.text)
    GPIO_Key_Configuration                   0x00002065   Thumb Code    70  key.o(.text)
    k_164Delaay                              0x000020ab   Thumb Code    12  key.o(.text)
    HW_Sendvalueto164                        0x000020b7   Thumb Code    76  key.o(.text)
    HW_keyInt                                0x00002103   Thumb Code    14  key.o(.text)
    dyk                                      0x00002111   Thumb Code    12  key.o(.text)
    HW_KeyScsn                               0x0000211d   Thumb Code   144  key.o(.text)
    Delay_Key                                0x000021ad   Thumb Code    22  key.o(.text)
    BUZZER                                   0x000021c3   Thumb Code    40  key.o(.text)
    dly10                                    0x000021f1   Thumb Code    14  test.o(.text)
    Power_Process                            0x000021ff   Thumb Code    32  test.o(.text)
    USE_SETSW                                0x0000221f   Thumb Code    64  test.o(.text)
    DisBlank_main                            0x0000225f   Thumb Code  2016  test.o(.text)
    RecHandle                                0x00002a3f   Thumb Code   418  test.o(.text)
    MaxAlarm                                 0x00002be1   Thumb Code    98  test.o(.text)
    Disp_R                                   0x00002c43   Thumb Code  1042  test.o(.text)
    Send_Uart3                               0x00003055   Thumb Code    50  test.o(.text)
    SetWZero                                 0x00003087   Thumb Code    54  test.o(.text)
    Disp_Main_set                            0x000030bd   Thumb Code   450  test.o(.text)
    ParaAdd                                  0x0000327f   Thumb Code   920  test.o(.text)
    Setvalue_Add                             0x00003617   Thumb Code    14  test.o(.text)
    ParaReduct                               0x00003625   Thumb Code   856  test.o(.text)
    Setvalue_Reduction                       0x0000397d   Thumb Code    14  test.o(.text)
    flashSetFlags                            0x0000398b   Thumb Code    76  test.o(.text)
    Use_SysSetProcess                        0x000039d7   Thumb Code   460  test.o(.text)
    flashMainFlags                           0x00003ba3   Thumb Code   118  test.o(.text)
    Use_MainProcess                          0x00003c19   Thumb Code   294  test.o(.text)
    DSP_GetNum                               0x00003d3f   Thumb Code   118  test.o(.text)
    EMC_GPIO_Init                            0x00003dd1   Thumb Code   272  ex_sdram.o(.text)
    SDRAM_Init                               0x00003ee1   Thumb Code   252  ex_sdram.o(.text)
    Disp_Sys_set                             0x000045a5   Thumb Code   188  set_manu.o(.text)
    DisBlank_set                             0x00004661   Thumb Code   786  set_manu.o(.text)
    Screen_shot                              0x00004991   Thumb Code   384  bsp_bmp.o(.text)
    Reset_Handler                            0x00004b55   Thumb Code     8  startup_lpc177x_8x.o(.text)
    NMI_Handler                              0x00004b5d   Thumb Code     2  startup_lpc177x_8x.o(.text)
    HardFault_Handler                        0x00004b5f   Thumb Code     2  startup_lpc177x_8x.o(.text)
    MemManage_Handler                        0x00004b61   Thumb Code     2  startup_lpc177x_8x.o(.text)
    BusFault_Handler                         0x00004b63   Thumb Code     2  startup_lpc177x_8x.o(.text)
    UsageFault_Handler                       0x00004b65   Thumb Code     2  startup_lpc177x_8x.o(.text)
    SVC_Handler                              0x00004b67   Thumb Code     2  startup_lpc177x_8x.o(.text)
    DebugMon_Handler                         0x00004b69   Thumb Code     2  startup_lpc177x_8x.o(.text)
    PendSV_Handler                           0x00004b6b   Thumb Code     2  startup_lpc177x_8x.o(.text)
    ADC_IRQHandler                           0x00004b6f   Thumb Code     0  startup_lpc177x_8x.o(.text)
    BOD_IRQHandler                           0x00004b6f   Thumb Code     0  startup_lpc177x_8x.o(.text)
    CANActivity_IRQHandler                   0x00004b6f   Thumb Code     0  startup_lpc177x_8x.o(.text)
    CAN_IRQHandler                           0x00004b6f   Thumb Code     0  startup_lpc177x_8x.o(.text)
    DMA_IRQHandler                           0x00004b6f   Thumb Code     0  startup_lpc177x_8x.o(.text)
    EEPROM_IRQHandler                        0x00004b6f   Thumb Code     0  startup_lpc177x_8x.o(.text)
    EINT0_IRQHandler                         0x00004b6f   Thumb Code     0  startup_lpc177x_8x.o(.text)
    EINT1_IRQHandler                         0x00004b6f   Thumb Code     0  startup_lpc177x_8x.o(.text)
    EINT2_IRQHandler                         0x00004b6f   Thumb Code     0  startup_lpc177x_8x.o(.text)
    EINT3_IRQHandler                         0x00004b6f   Thumb Code     0  startup_lpc177x_8x.o(.text)
    ENET_IRQHandler                          0x00004b6f   Thumb Code     0  startup_lpc177x_8x.o(.text)
    GPIO_IRQHandler                          0x00004b6f   Thumb Code     0  startup_lpc177x_8x.o(.text)
    I2C0_IRQHandler                          0x00004b6f   Thumb Code     0  startup_lpc177x_8x.o(.text)
    I2C1_IRQHandler                          0x00004b6f   Thumb Code     0  startup_lpc177x_8x.o(.text)
    I2C2_IRQHandler                          0x00004b6f   Thumb Code     0  startup_lpc177x_8x.o(.text)
    I2S_IRQHandler                           0x00004b6f   Thumb Code     0  startup_lpc177x_8x.o(.text)
    LCD_IRQHandler                           0x00004b6f   Thumb Code     0  startup_lpc177x_8x.o(.text)
    MCI_IRQHandler                           0x00004b6f   Thumb Code     0  startup_lpc177x_8x.o(.text)
    MCPWM_IRQHandler                         0x00004b6f   Thumb Code     0  startup_lpc177x_8x.o(.text)
    PLL0_IRQHandler                          0x00004b6f   Thumb Code     0  startup_lpc177x_8x.o(.text)
    PLL1_IRQHandler                          0x00004b6f   Thumb Code     0  startup_lpc177x_8x.o(.text)
    PWM0_IRQHandler                          0x00004b6f   Thumb Code     0  startup_lpc177x_8x.o(.text)
    PWM1_IRQHandler                          0x00004b6f   Thumb Code     0  startup_lpc177x_8x.o(.text)
    QEI_IRQHandler                           0x00004b6f   Thumb Code     0  startup_lpc177x_8x.o(.text)
    RTC_IRQHandler                           0x00004b6f   Thumb Code     0  startup_lpc177x_8x.o(.text)
    SPIFI_IRQHandler                         0x00004b6f   Thumb Code     0  startup_lpc177x_8x.o(.text)
    SSP0_IRQHandler                          0x00004b6f   Thumb Code     0  startup_lpc177x_8x.o(.text)
    SSP1_IRQHandler                          0x00004b6f   Thumb Code     0  startup_lpc177x_8x.o(.text)
    SSP2_IRQHandler                          0x00004b6f   Thumb Code     0  startup_lpc177x_8x.o(.text)
    UART1_IRQHandler                         0x00004b6f   Thumb Code     0  startup_lpc177x_8x.o(.text)
    UART2_IRQHandler                         0x00004b6f   Thumb Code     0  startup_lpc177x_8x.o(.text)
    UART4_IRQHandler                         0x00004b6f   Thumb Code     0  startup_lpc177x_8x.o(.text)
    USBActivity_IRQHandler                   0x00004b6f   Thumb Code     0  startup_lpc177x_8x.o(.text)
    WDT_IRQHandler                           0x00004b6f   Thumb Code     0  startup_lpc177x_8x.o(.text)
    SystemCoreClockUpdate                    0x00004b79   Thumb Code   284  system_lpc177x_8x.o(.text)
    SystemInit                               0x00004c95   Thumb Code   136  system_lpc177x_8x.o(.text)
    GPIO_SetDir                              0x00004dc7   Thumb Code    28  lpc177x_8x_gpio.o(.text)
    GPIO_SetValue                            0x00004de3   Thumb Code    16  lpc177x_8x_gpio.o(.text)
    GPIO_ClearValue                          0x00004df3   Thumb Code    16  lpc177x_8x_gpio.o(.text)
    GPIO_OutputValue                         0x00004e03   Thumb Code     6  lpc177x_8x_gpio.o(.text)
    GPIO_ReadValue                           0x00004e09   Thumb Code    14  lpc177x_8x_gpio.o(.text)
    GPIO_IntCmd                              0x00004e17   Thumb Code    56  lpc177x_8x_gpio.o(.text)
    GPIO_ClearInt                            0x00004e4f   Thumb Code    22  lpc177x_8x_gpio.o(.text)
    FIO_SetDir                               0x00004e65   Thumb Code     2  lpc177x_8x_gpio.o(.text)
    FIO_SetValue                             0x00004e67   Thumb Code     2  lpc177x_8x_gpio.o(.text)
    FIO_ClearValue                           0x00004e69   Thumb Code     2  lpc177x_8x_gpio.o(.text)
    FIO_ReadValue                            0x00004e6b   Thumb Code     2  lpc177x_8x_gpio.o(.text)
    FIO_IntCmd                               0x00004e6d   Thumb Code     2  lpc177x_8x_gpio.o(.text)
    FIO_ClearInt                             0x00004e6f   Thumb Code     2  lpc177x_8x_gpio.o(.text)
    FIO_SetMask                              0x00004e71   Thumb Code    28  lpc177x_8x_gpio.o(.text)
    FIO_HalfWordSetDir                       0x00004e8d   Thumb Code    50  lpc177x_8x_gpio.o(.text)
    FIO_HalfWordSetMask                      0x00004ebf   Thumb Code    50  lpc177x_8x_gpio.o(.text)
    FIO_HalfWordSetValue                     0x00004ef1   Thumb Code    24  lpc177x_8x_gpio.o(.text)
    FIO_HalfWordClearValue                   0x00004f09   Thumb Code    24  lpc177x_8x_gpio.o(.text)
    FIO_HalfWordReadValue                    0x00004f21   Thumb Code    22  lpc177x_8x_gpio.o(.text)
    FIO_ByteSetDir                           0x00004f37   Thumb Code    48  lpc177x_8x_gpio.o(.text)
    FIO_ByteSetMask                          0x00004f67   Thumb Code    52  lpc177x_8x_gpio.o(.text)
    FIO_ByteSetValue                         0x00004f9b   Thumb Code    28  lpc177x_8x_gpio.o(.text)
    FIO_ByteClearValue                       0x00004fb7   Thumb Code    28  lpc177x_8x_gpio.o(.text)
    FIO_ByteReadValue                        0x00004fd3   Thumb Code    26  lpc177x_8x_gpio.o(.text)
    CLKPWR_SetCLKDiv                         0x00004ff5   Thumb Code    62  lpc177x_8x_clkpwr.o(.text)
    CLKPWR_GetCLK                            0x00005033   Thumb Code    34  lpc177x_8x_clkpwr.o(.text)
    CLKPWR_ConfigPPWR                        0x00005055   Thumb Code    28  lpc177x_8x_clkpwr.o(.text)
    CLKPWR_Sleep                             0x00005071   Thumb Code    12  lpc177x_8x_clkpwr.o(.text)
    CLKPWR_DeepSleep                         0x0000507d   Thumb Code    18  lpc177x_8x_clkpwr.o(.text)
    CLKPWR_PowerDown                         0x0000508f   Thumb Code    18  lpc177x_8x_clkpwr.o(.text)
    CLKPWR_DeepPowerDown                     0x000050a1   Thumb Code    18  lpc177x_8x_clkpwr.o(.text)
    UART_Init                                0x000051e9   Thumb Code   234  lpc177x_8x_uart.o(.text)
    UART_TxCmd                               0x000052d3   Thumb Code    26  lpc177x_8x_uart.o(.text)
    UART_DeInit                              0x000052ed   Thumb Code    74  lpc177x_8x_uart.o(.text)
    UART_ConfigStructInit                    0x00005337   Thumb Code    12  lpc177x_8x_uart.o(.text)
    UART_SendByte                            0x00005343   Thumb Code     6  lpc177x_8x_uart.o(.text)
    UART_ReceiveByte                         0x00005349   Thumb Code     6  lpc177x_8x_uart.o(.text)
    UART_Send                                0x0000534f   Thumb Code   114  lpc177x_8x_uart.o(.text)
    UART_Receive                             0x000053c1   Thumb Code    82  lpc177x_8x_uart.o(.text)
    UART_ForceBreak                          0x00005413   Thumb Code    12  lpc177x_8x_uart.o(.text)
    UART_IntConfig                           0x0000541f   Thumb Code    84  lpc177x_8x_uart.o(.text)
    UART_GetLineStatus                       0x00005473   Thumb Code    14  lpc177x_8x_uart.o(.text)
    UART_GetIntId                            0x00005481   Thumb Code    10  lpc177x_8x_uart.o(.text)
    UART_CheckBusy                           0x0000548b   Thumb Code    14  lpc177x_8x_uart.o(.text)
    UART_FIFOConfig                          0x00005499   Thumb Code    64  lpc177x_8x_uart.o(.text)
    UART_FIFOConfigStructInit                0x000054d9   Thumb Code    14  lpc177x_8x_uart.o(.text)
    UART_ABCmd                               0x000054e7   Thumb Code   102  lpc177x_8x_uart.o(.text)
    UART_ABClearIntPending                   0x0000554d   Thumb Code    10  lpc177x_8x_uart.o(.text)
    UART_IrDAInvtInputCmd                    0x00005557   Thumb Code    30  lpc177x_8x_uart.o(.text)
    UART_IrDACmd                             0x00005575   Thumb Code    38  lpc177x_8x_uart.o(.text)
    UART_IrDAPulseDivConfig                  0x0000559b   Thumb Code    24  lpc177x_8x_uart.o(.text)
    UART_FullModemForcePinState              0x000055b3   Thumb Code    36  lpc177x_8x_uart.o(.text)
    UART_FullModemConfigMode                 0x000055d7   Thumb Code    42  lpc177x_8x_uart.o(.text)
    UART_FullModemGetStatus                  0x00005601   Thumb Code     4  lpc177x_8x_uart.o(.text)
    UART_RS485Config                         0x00005605   Thumb Code    88  lpc177x_8x_uart.o(.text)
    UART_RS485ReceiverCmd                    0x0000565d   Thumb Code    22  lpc177x_8x_uart.o(.text)
    UART_RS485Send                           0x00005673   Thumb Code    46  lpc177x_8x_uart.o(.text)
    UART_RS485SendSlvAddr                    0x000056a1   Thumb Code    14  lpc177x_8x_uart.o(.text)
    UART_RS485SendData                       0x000056af   Thumb Code     4  lpc177x_8x_uart.o(.text)
    UARTPutChar                              0x000056b9   Thumb Code    14  debug_frmwrk.o(.text)
    UARTGetChar                              0x000056c7   Thumb Code    24  debug_frmwrk.o(.text)
    UARTPuts                                 0x000056df   Thumb Code    24  debug_frmwrk.o(.text)
    UARTGetValue                             0x000056f7   Thumb Code   244  debug_frmwrk.o(.text)
    uartSendChars                            0x000057eb   Thumb Code    32  debug_frmwrk.o(.text)
    UARTPuts_                                0x0000580b   Thumb Code    18  debug_frmwrk.o(.text)
    UARTPutDec                               0x0000581d   Thumb Code    72  debug_frmwrk.o(.text)
    UARTPutDec16                             0x00005865   Thumb Code   126  debug_frmwrk.o(.text)
    UARTPutDec32                             0x000058e3   Thumb Code   258  debug_frmwrk.o(.text)
    UARTPutHex_                              0x000059e5   Thumb Code    42  debug_frmwrk.o(.text)
    UARTPutHex                               0x00005a0f   Thumb Code    48  debug_frmwrk.o(.text)
    UARTPutHex16_                            0x00005a3f   Thumb Code    42  debug_frmwrk.o(.text)
    UARTPutHex16                             0x00005a69   Thumb Code    48  debug_frmwrk.o(.text)
    UARTPutHex32_                            0x00005a99   Thumb Code    42  debug_frmwrk.o(.text)
    UARTPutHex32                             0x00005ac3   Thumb Code    48  debug_frmwrk.o(.text)
    _printf                                  0x00005af3   Thumb Code    10  debug_frmwrk.o(.text)
    debug_frmwrk_init                        0x00005afd   Thumb Code   290  debug_frmwrk.o(.text)
    Uart0RecTimeOut                          0x00005c1f   Thumb Code    36  debug_frmwrk.o(.text)
    UART0_IRQHandler                         0x00005c43   Thumb Code   106  debug_frmwrk.o(.text)
    debug_uart0_init                         0x00005cad   Thumb Code    80  debug_frmwrk.o(.text)
    debug_uart3_init                         0x00005cfd   Thumb Code   108  debug_frmwrk.o(.text)
    UART3_IRQHandler                         0x00005d69   Thumb Code    34  debug_frmwrk.o(.text)
    EEPROM_Init                              0x00005db5   Thumb Code   100  lpc177x_8x_eeprom.o(.text)
    EEPROM_Write                             0x00005e19   Thumb Code   238  lpc177x_8x_eeprom.o(.text)
    EEPROM_Read                              0x00005f07   Thumb Code   208  lpc177x_8x_eeprom.o(.text)
    EEPROM_Erase                             0x00005fd7   Thumb Code    72  lpc177x_8x_eeprom.o(.text)
    EEPROM_PowerDown                         0x0000601f   Thumb Code    16  lpc177x_8x_eeprom.o(.text)
    PINSEL_ConfigPin                         0x0000603d   Thumb Code    20  lpc177x_8x_pinsel.o(.text)
    PINSEL_SetPinMode                        0x00006051   Thumb Code    20  lpc177x_8x_pinsel.o(.text)
    PINSEL_SetHysMode                        0x00006065   Thumb Code    26  lpc177x_8x_pinsel.o(.text)
    PINSEL_SetSlewMode                       0x0000607f   Thumb Code    26  lpc177x_8x_pinsel.o(.text)
    PINSEL_SetInBufMode                      0x00006099   Thumb Code    26  lpc177x_8x_pinsel.o(.text)
    PINSEL_SetI2CMode                        0x000060b3   Thumb Code    22  lpc177x_8x_pinsel.o(.text)
    PINSEL_SetOpenDrainMode                  0x000060c9   Thumb Code    26  lpc177x_8x_pinsel.o(.text)
    PINSEL_SetAnalogPinMode                  0x000060e3   Thumb Code    90  lpc177x_8x_pinsel.o(.text)
    PINSEL_DacEnable                         0x0000613d   Thumb Code    36  lpc177x_8x_pinsel.o(.text)
    PINSEL_SetFilter                         0x00006161   Thumb Code    48  lpc177x_8x_pinsel.o(.text)
    BEBufToUint16                            0x000061a1   Thumb Code     6  modbus_slave.o(.text)
    LEBufToUint16                            0x000061a7   Thumb Code     4  modbus_slave.o(.text)
    BEBufToUint32                            0x000061ab   Thumb Code    14  modbus_slave.o(.text)
    LEBufToUint32                            0x000061b9   Thumb Code    12  modbus_slave.o(.text)
    CRC16_Modbus                             0x000061c5   Thumb Code    40  modbus_slave.o(.text)
    TickOut                                  0x000061ed   Thumb Code    36  modbus_slave.o(.text)
    MODS_Poll                                0x0000664f   Thumb Code   164  modbus_slave.o(.text)
    MODS_ReciveNew                           0x000066f3   Thumb Code    30  modbus_slave.o(.text)
    clust2sect                               0x00006995   Thumb Code    24  ff.o(.text)
    get_fat                                  0x000069ad   Thumb Code   182  ff.o(.text)
    put_fat                                  0x00006a63   Thumb Code   248  ff.o(.text)
    f_mount                                  0x00007305   Thumb Code    26  ff.o(.text)
    f_open                                   0x0000731f   Thumb Code   308  ff.o(.text)
    f_read                                   0x00007453   Thumb Code   340  ff.o(.text)
    f_write                                  0x000075a7   Thumb Code   404  ff.o(.text)
    f_sync                                   0x0000773b   Thumb Code   164  ff.o(.text)
    f_close                                  0x000077df   Thumb Code    18  ff.o(.text)
    f_lseek                                  0x000077f1   Thumb Code   306  ff.o(.text)
    f_opendir                                0x00007923   Thumb Code    78  ff.o(.text)
    f_readdir                                0x00007971   Thumb Code    80  ff.o(.text)
    f_stat                                   0x000079c1   Thumb Code    58  ff.o(.text)
    f_getfree                                0x000079fb   Thumb Code   200  ff.o(.text)
    f_truncate                               0x00007ac3   Thumb Code   144  ff.o(.text)
    f_unlink                                 0x00007b53   Thumb Code   150  ff.o(.text)
    f_mkdir                                  0x00007be9   Thumb Code   392  ff.o(.text)
    f_chmod                                  0x00007d71   Thumb Code    74  ff.o(.text)
    f_utime                                  0x00007dbb   Thumb Code    80  ff.o(.text)
    f_rename                                 0x00007e0b   Thumb Code   256  ff.o(.text)
    disk_initialize                          0x00007f4d   Thumb Code    28  diskio.o(.text)
    disk_status                              0x00007f69   Thumb Code    20  diskio.o(.text)
    disk_read                                0x00007f7d   Thumb Code    56  diskio.o(.text)
    disk_write                               0x00007fb5   Thumb Code    48  diskio.o(.text)
    disk_ioctl                               0x00007fe5   Thumb Code    34  diskio.o(.text)
    get_fattime                              0x00008007   Thumb Code     4  diskio.o(.text)
    Fill_MSCommand                           0x0000801d   Thumb Code   144  usbhost_ms.o(.text)
    MS_Inquire                               0x000080ad   Thumb Code   124  usbhost_ms.o(.text)
    MS_ReadCapacity                          0x00008129   Thumb Code   124  usbhost_ms.o(.text)
    MS_GetSenseInfo                          0x000081a5   Thumb Code    96  usbhost_ms.o(.text)
    MS_TestUnitReady                         0x00008205   Thumb Code    76  usbhost_ms.o(.text)
    MS_GetMaxLUN                             0x00008251   Thumb Code    26  usbhost_ms.o(.text)
    MS_Init                                  0x0000826b   Thumb Code    66  usbhost_ms.o(.text)
    MS_ParseConfiguration                    0x000082ad   Thumb Code   170  usbhost_ms.o(.text)
    MS_BulkRecv                              0x00008357   Thumb Code   126  usbhost_ms.o(.text)
    MS_BulkSend                              0x000083d5   Thumb Code   128  usbhost_ms.o(.text)
    Host_DelayUS                             0x00008455   Thumb Code    18  usbhost_lpc17xx.o(.text)
    Host_DelayMS                             0x00008467   Thumb Code    32  usbhost_lpc17xx.o(.text)
    Host_HCCAInit                            0x00008487   Thumb Code    26  usbhost_lpc17xx.o(.text)
    Host_TDInit                              0x000084a1   Thumb Code    12  usbhost_lpc17xx.o(.text)
    Host_EDInit                              0x000084ad   Thumb Code    12  usbhost_lpc17xx.o(.text)
    Host_Init                                0x000084b9   Thumb Code   342  usbhost_lpc17xx.o(.text)
    USB_IRQHandler                           0x0000860f   Thumb Code   208  usbhost_lpc17xx.o(.text)
    Host_WDHWait                             0x000086df   Thumb Code    14  usbhost_lpc17xx.o(.text)
    Host_ProcessTD                           0x000086ed   Thumb Code   146  usbhost_lpc17xx.o(.text)
    WriteLE16U                               0x0000877f   Thumb Code    16  usbhost_lpc17xx.o(.text)
    Host_FillSetup                           0x0000878f   Thumb Code    62  usbhost_lpc17xx.o(.text)
    Host_CtrlSend                            0x000087cd   Thumb Code    68  usbhost_lpc17xx.o(.text)
    ReadLE16U                                0x00008811   Thumb Code    20  usbhost_lpc17xx.o(.text)
    Host_CtrlRecv                            0x00008825   Thumb Code    68  usbhost_lpc17xx.o(.text)
    Host_EnumDev                             0x00008869   Thumb Code   316  usbhost_lpc17xx.o(.text)
    ReadLE32U                                0x000089a5   Thumb Code    28  usbhost_lpc17xx.o(.text)
    WriteLE32U                               0x000089c1   Thumb Code    16  usbhost_lpc17xx.o(.text)
    ReadBE32U                                0x000089d1   Thumb Code    28  usbhost_lpc17xx.o(.text)
    WriteBE32U                               0x000089ed   Thumb Code    16  usbhost_lpc17xx.o(.text)
    ReadBE16U                                0x000089fd   Thumb Code    20  usbhost_lpc17xx.o(.text)
    WriteBE16U                               0x00008a11   Thumb Code    16  usbhost_lpc17xx.o(.text)
    __aeabi_uldivmod                         0x00008a21   Thumb Code    98  uldiv.o(.text)
    ___aeabi_memcpy8$move                    0x00008a83   Thumb Code     0  memmovea.o(.text)
    __aeabi_memcpy                           0x00008a83   Thumb Code    64  memmovea.o(.text)
    __aeabi_memcpy4                          0x00008a83   Thumb Code     0  memmovea.o(.text)
    __aeabi_memmove                          0x00008a83   Thumb Code     0  memmovea.o(.text)
    __aeabi_memmove4                         0x00008a83   Thumb Code     0  memmovea.o(.text)
    __aeabi_memmove8                         0x00008a83   Thumb Code     0  memmovea.o(.text)
    __aeabi_memset                           0x00008ac3   Thumb Code    14  memseta.o(.text)
    __aeabi_memset4                          0x00008ac3   Thumb Code     0  memseta.o(.text)
    __aeabi_memset8                          0x00008ac3   Thumb Code     0  memseta.o(.text)
    __aeabi_memclr                           0x00008ad1   Thumb Code     4  memseta.o(.text)
    __aeabi_memclr4                          0x00008ad1   Thumb Code     0  memseta.o(.text)
    __aeabi_memclr8                          0x00008ad1   Thumb Code     0  memseta.o(.text)
    _memset$wrapper                          0x00008ad5   Thumb Code    18  memseta.o(.text)
    strncpy                                  0x00008ae7   Thumb Code    24  strncpy.o(.text)
    strlen                                   0x00008aff   Thumb Code    14  strlen.o(.text)
    __aeabi_uidiv                            0x00008b0d   Thumb Code     0  uidiv.o(.text)
    __aeabi_uidivmod                         0x00008b0d   Thumb Code    44  uidiv.o(.text)
    __aeabi_llsl                             0x00008b39   Thumb Code    30  llshl.o(.text)
    _ll_shift_l                              0x00008b39   Thumb Code     0  llshl.o(.text)
    __aeabi_llsr                             0x00008b57   Thumb Code    32  llushr.o(.text)
    _ll_ushift_r                             0x00008b57   Thumb Code     0  llushr.o(.text)
    __scatterload                            0x00008b79   Thumb Code    28  init.o(.text)
    __scatterload_rt2                        0x00008b79   Thumb Code     0  init.o(.text)
    __decompress                             0x00008b9d   Thumb Code     0  __dclz77c.o(.text)
    __decompress2                            0x00008b9d   Thumb Code    94  __dclz77c.o(.text)
    __0sprintf$1                             0x00008bfd   Thumb Code    34  printf1.o(i.__0sprintf$1)
    __1sprintf$1                             0x00008bfd   Thumb Code     0  printf1.o(i.__0sprintf$1)
    __2sprintf                               0x00008bfd   Thumb Code     0  printf1.o(i.__0sprintf$1)
    __scatterload_copy                       0x00008c25   Thumb Code    14  handlers.o(i.__scatterload_copy)
    __scatterload_null                       0x00008c33   Thumb Code     2  handlers.o(i.__scatterload_null)
    __scatterload_zeroinit                   0x00008c35   Thumb Code    14  handlers.o(i.__scatterload_zeroinit)
    GB_21                                    0x00008da2   Data         585  lpc177x_8x_lcd.o(.constdata)
    GB_16                                    0x00008feb   Data        2176  lpc177x_8x_lcd.o(.constdata)
    GB_21x20                                 0x0000986b   Data        2604  lpc177x_8x_lcd.o(.constdata)
    LogoStream                               0x0000a298   Data        1440  logo.o(.constdata)
    MainData_num                             0x0000b29c   Data         832  asciilib.o(.constdata)
    DataTab                                  0x0000b5dc   Data          40  use_disp.o(.constdata)
    DataTabE                                 0x0000b604   Data          40  use_disp.o(.constdata)
    CHNAME                                   0x0000b62c   Data          15  use_disp.o(.constdata)
    SubDataTab                               0x0000b63b   Data         120  use_disp.o(.constdata)
    All_TopName                              0x0000b6b3   Data         220  use_disp.o(.constdata)
    All_TopName_E                            0x0000b78f   Data         220  use_disp.o(.constdata)
    Sys_Setitem_E                            0x0000b86b   Data         132  use_disp.o(.constdata)
    Scan_Value                               0x0000b8ef   Data           6  key.o(.constdata)
    Rms                                      0x0000b8f8   Data           8  test.o(.constdata)
    RNG_V                                    0x0000b908   Data          35  test.o(.constdata)
    RNG_I                                    0x0000b92b   Data          56  test.o(.constdata)
    s_CRCLo                                  0x0000ba63   Data         256  modbus_slave.o(.constdata)
    Region$$Table$$Base                      0x0000bbc0   Number         0  anon$$obj.o(Region$$Table)
    Region$$Table$$Limit                     0x0000bbe0   Number         0  anon$$obj.o(Region$$Table)
    setflag                                  0x10000000   Data           1  main.o(.data)
    SysTickCnt                               0x10000004   Data           4  main.o(.data)
    sendcount                                0x10000008   Data           4  main.o(.data)
    key_flg                                  0x1000000c   Data           1  main.o(.data)
    key_sum                                  0x1000000d   Data           1  main.o(.data)
    timer0_counter                           0x10000010   Data           4  timer.o(.data)
    timer1_counter                           0x10000014   Data           4  timer.o(.data)
    timer2_counter                           0x10000018   Data           4  timer.o(.data)
    timer3_counter                           0x1000001c   Data           4  timer.o(.data)
    Colour                                   0x10000020   Data           8  lpc177x_8x_lcd.o(.data)
    LogoPic                                  0x10000028   Data          28  logo.o(.data)
    nAsciiDot20X40E                          0x10000044   Data        9792  asciilib.o(.data)
    TSetInput                                0x10002684   Data           1  test.o(.data)
    MainFDSP                                 0x10002685   Data           1  test.o(.data)
    EN_CurDIS                                0x10002686   Data           1  test.o(.data)
    KPULCursorP                              0x10002687   Data           1  test.o(.data)
    KPILCursorP                              0x10002688   Data           1  test.o(.data)
    KInputF                                  0x1000268e   Data           1  test.o(.data)
    datapage                                 0x1000268f   Data           1  test.o(.data)
    bmpnum                                   0x10002690   Data           4  test.o(.data)
    DIS                                      0x10002694   Data           4  test.o(.data)
    TDKS                                     0x10002698   Data           4  test.o(.data)
    flagC                                    0x1000269c   Data           4  test.o(.data)
    HZ_val                                   0x100026a0   Data           4  test.o(.data)
    PF_val                                   0x100026a4   Data           4  test.o(.data)
    VA_val                                   0x100026a8   Data           4  test.o(.data)
    VAR_val                                  0x100026ac   Data           4  test.o(.data)
    VHz_val                                  0x100026b0   Data           4  test.o(.data)
    IHz_val                                  0x100026b4   Data           4  test.o(.data)
    DisPFInputNum                            0x100026b8   Data           6  test.o(.data)
    DisVAInputNum                            0x100026be   Data           6  test.o(.data)
    DisFInputNum                             0x100026c4   Data           6  test.o(.data)
    DisVARInputNum                           0x100026ca   Data           6  test.o(.data)
    DisVHzInputNum                           0x100026d0   Data           6  test.o(.data)
    DisIHzInputNum                           0x100026d6   Data           6  test.o(.data)
    TTPFInputNum                             0x100026dc   Data           6  test.o(.data)
    TTVAInputNum                             0x100026e2   Data           6  test.o(.data)
    TTFInputNum                              0x100026e8   Data           6  test.o(.data)
    TTVARInputNum                            0x100026ee   Data           6  test.o(.data)
    TTVHzInputNum                            0x100026f4   Data           6  test.o(.data)
    TTIHzInputNum                            0x100026fa   Data           6  test.o(.data)
    Para_main                                0x10002700   Data         504  test.o(.data)
    res                                      0x100028f8   Data           1  test.o(.data)
    Usb_Open_flag                            0x100028fc   Data           4  globalvalue.o(.data)
    Uart_Send_Flag                           0x10002900   Data           1  globalvalue.o(.data)
    SystemStatus                             0x10002904   Data           4  globalvalue.o(.data)
    CursorP                                  0x10002908   Data           1  set_manu.o(.data)
    BlankP                                   0x10002909   Data           1  set_manu.o(.data)
    Para_Set                                 0x10002914   Data         336  set_manu.o(.data)
    f_num                                    0x10002a90   Data           4  bsp_bmp.o(.data)
    SystemCoreClock                          0x10002a94   Data           4  system_lpc177x_8x.o(.data)
    PeripheralClock                          0x10002a98   Data           4  system_lpc177x_8x.o(.data)
    EMCClock                                 0x10002a9c   Data           4  system_lpc177x_8x.o(.data)
    USBClock                                 0x10002aa0   Data           4  system_lpc177x_8x.o(.data)
    r_byte                                   0x10002aa4   Data           1  debug_frmwrk.o(.data)
    _db_msg                                  0x10002aa8   Data           4  debug_frmwrk.o(.data)
    _db_msg_                                 0x10002aac   Data           4  debug_frmwrk.o(.data)
    _db_char                                 0x10002ab0   Data           4  debug_frmwrk.o(.data)
    _db_dec                                  0x10002ab4   Data           4  debug_frmwrk.o(.data)
    _db_dec_16                               0x10002ab8   Data           4  debug_frmwrk.o(.data)
    _db_dec_32                               0x10002abc   Data           4  debug_frmwrk.o(.data)
    _db_hex                                  0x10002ac0   Data           4  debug_frmwrk.o(.data)
    _db_hex_16                               0x10002ac4   Data           4  debug_frmwrk.o(.data)
    _db_hex_32                               0x10002ac8   Data           4  debug_frmwrk.o(.data)
    _db_hex_                                 0x10002acc   Data           4  debug_frmwrk.o(.data)
    _db_hex_16_                              0x10002ad0   Data           4  debug_frmwrk.o(.data)
    _db_hex_32_                              0x10002ad4   Data           4  debug_frmwrk.o(.data)
    _db_get_char                             0x10002ad8   Data           4  debug_frmwrk.o(.data)
    _db_get_val                              0x10002adc   Data           4  debug_frmwrk.o(.data)
    testi                                    0x10002ae1   Data           1  modbus_slave.o(.data)
    Tick_10ms                                0x10002ae4   Data           4  modbus_slave.o(.data)
    OldTick                                  0x10002ae8   Data           4  modbus_slave.o(.data)
    g_tVar                                   0x10002aec   Data          48  modbus_slave.o(.data)
    numBlks                                  0x10002b24   Data           4  diskio.o(.data)
    blkSize                                  0x10002b28   Data           4  diskio.o(.data)
    MS_BlkSize                               0x10002b30   Data           4  usbhost_ms.o(.data)
    HOST_TDControlStatus                     0x10002b34   Data           1  usbhost_lpc17xx.o(.data)
    HOST_RhscIntr                            0x10002b38   Data           4  usbhost_lpc17xx.o(.data)
    HOST_WdhIntr                             0x10002b3c   Data           4  usbhost_lpc17xx.o(.data)
    UnrecoverableIntCount                    0x10002b40   Data           4  usbhost_lpc17xx.o(.data)
    gUSBConnected                            0x10002b44   Data           4  usbhost_lpc17xx.o(.data)
    EDCtrl                                   0x10002b48   Data           4  usbhost_lpc17xx.o(.data)
    EDBulkIn                                 0x10002b4c   Data           4  usbhost_lpc17xx.o(.data)
    EDBulkOut                                0x10002b50   Data           4  usbhost_lpc17xx.o(.data)
    TDHead                                   0x10002b54   Data           4  usbhost_lpc17xx.o(.data)
    TDTail                                   0x10002b58   Data           4  usbhost_lpc17xx.o(.data)
    Hcca                                     0x10002b5c   Data           4  usbhost_lpc17xx.o(.data)
    TDBuffer                                 0x10002b60   Data           4  usbhost_lpc17xx.o(.data)
    FATBuffer                                0x10002b64   Data           4  usbhost_lpc17xx.o(.data)
    UserBuffer                               0x10002b68   Data           4  usbhost_lpc17xx.o(.data)
    Button_Page                              0x10002b6c   Data          12  key.o(.bss)
    bmpname                                  0x10002b78   Data          30  test.o(.bss)
    Disp                                     0x10002b98   Data         116  test.o(.bss)
    TTULnputNum                              0x10002c0c   Data          10  test.o(.bss)
    TTILnputNum                              0x10002c16   Data          10  test.o(.bss)
    fsrc                                     0x10002c20   Data         548  test.o(.bss)
    SaveData                                 0x10002e44   Data         220  globalvalue.o(.bss)
    Saveeeprom                               0x10002f20   Data         220  globalvalue.o(.bss)
    DispBuf                                  0x10002ffc   Data          12  globalvalue.o(.bss)
    DisULInputNum                            0x10003008   Data          10  set_manu.o(.bss)
    DisILInputNum                            0x10003012   Data          10  set_manu.o(.bss)
    ComBuf                                   0x1000321d   Data         281  debug_frmwrk.o(.bss)
    ComBuf3                                  0x10003336   Data         281  debug_frmwrk.o(.bss)
    g_tModS                                  0x1000344f   Data         163  modbus_slave.o(.bss)
    g_tPrint                                 0x100034f2   Data         160  modbus_slave.o(.bss)
    inquiryResult                            0x10003592   Data          36  diskio.o(.bss)
    __initial_sp                             0x10003db8   Data           0  startup_lpc177x_8x.o(STACK)



==============================================================================

Memory Map of the image

  Image Entry point : 0x000000e5

  Load Region LR_IROM1 (Base: 0x00000000, Size: 0x0000e74c, Max: 0x00080000, ABSOLUTE, COMPRESSED[0x0000ca64])

    Execution Region ER_IROM1 (Exec base: 0x00000000, Load base: 0x00000000, Size: 0x0000bbe0, Max: 0x00080000, ABSOLUTE)

    Exec Addr    Load Addr    Size         Type   Attr      Idx    E Section Name        Object

    0x00000000   0x00000000   0x000000e4   Data   RO          682    RESET               startup_lpc177x_8x.o
    0x000000e4   0x000000e4   0x00000000   Code   RO         3368  * .ARM.Collect$$$$00000000  mc_w.l(entry.o)
    0x000000e4   0x000000e4   0x00000004   Code   RO         3666    .ARM.Collect$$$$00000001  mc_w.l(entry2.o)
    0x000000e8   0x000000e8   0x00000004   Code   RO         3669    .ARM.Collect$$$$00000004  mc_w.l(entry5.o)
    0x000000ec   0x000000ec   0x00000000   Code   RO         3671    .ARM.Collect$$$$00000008  mc_w.l(entry7b.o)
    0x000000ec   0x000000ec   0x00000000   Code   RO         3673    .ARM.Collect$$$$0000000A  mc_w.l(entry8b.o)
    0x000000ec   0x000000ec   0x00000008   Code   RO         3674    .ARM.Collect$$$$0000000B  mc_w.l(entry9a.o)
    0x000000f4   0x000000f4   0x00000000   Code   RO         3676    .ARM.Collect$$$$0000000D  mc_w.l(entry10a.o)
    0x000000f4   0x000000f4   0x00000000   Code   RO         3678    .ARM.Collect$$$$0000000F  mc_w.l(entry11a.o)
    0x000000f4   0x000000f4   0x00000004   Code   RO         3667    .ARM.Collect$$$$00002712  mc_w.l(entry2.o)
    0x000000f8   0x000000f8   0x00000138   Code   RO            2    .text               main.o
    0x00000230   0x00000230   0x00000228   Code   RO          164    .text               timer.o
    0x00000458   0x00000458   0x000014a4   Code   RO          210    .text               lpc177x_8x_lcd.o
    0x000018fc   0x000018fc   0x00000034   Code   RO          279    .text               asciilib.o
    0x00001930   0x00001930   0x00000734   Code   RO          337    .text               use_disp.o
    0x00002064   0x00002064   0x0000018c   Code   RO          394    .text               key.o
    0x000021f0   0x000021f0   0x00001be0   Code   RO          449    .text               test.o
    0x00003dd0   0x00003dd0   0x00000224   Code   RO          579    .text               ex_sdram.o
    0x00003ff4   0x00003ff4   0x0000099c   Code   RO          608    .text               set_manu.o
    0x00004990   0x00004990   0x000001c4   Code   RO          643    .text               bsp_bmp.o
    0x00004b54   0x00004b54   0x00000024   Code   RO          683    .text               startup_lpc177x_8x.o
    0x00004b78   0x00004b78   0x000001b8   Code   RO          688    .text               system_lpc177x_8x.o
    0x00004d30   0x00004d30   0x000002c4   Code   RO          716    .text               lpc177x_8x_gpio.o
    0x00004ff4   0x00004ff4   0x000000d8   Code   RO          755    .text               lpc177x_8x_clkpwr.o
    0x000050cc   0x000050cc   0x000005ec   Code   RO          795    .text               lpc177x_8x_uart.o
    0x000056b8   0x000056b8   0x000006fc   Code   RO          818    .text               debug_frmwrk.o
    0x00005db4   0x00005db4   0x00000288   Code   RO          851    .text               lpc177x_8x_eeprom.o
    0x0000603c   0x0000603c   0x00000164   Code   RO          870    .text               lpc177x_8x_pinsel.o
    0x000061a0   0x000061a0   0x000006d4   Code   RO          988    .text               modbus_slave.o
    0x00006874   0x00006874   0x000016d6   Code   RO         1021    .text               ff.o
    0x00007f4a   0x00007f4a   0x00000002   PAD
    0x00007f4c   0x00007f4c   0x000000d0   Code   RO         1073    .text               diskio.o
    0x0000801c   0x0000801c   0x00000438   Code   RO         1110    .text               usbhost_ms.o
    0x00008454   0x00008454   0x000005cc   Code   RO         1133    .text               usbhost_lpc17xx.o
    0x00008a20   0x00008a20   0x00000062   Code   RO         3371    .text               mc_w.l(uldiv.o)
    0x00008a82   0x00008a82   0x00000040   Code   RO         3375    .text               mc_w.l(memmovea.o)
    0x00008ac2   0x00008ac2   0x00000024   Code   RO         3377    .text               mc_w.l(memseta.o)
    0x00008ae6   0x00008ae6   0x00000018   Code   RO         3379    .text               mc_w.l(strncpy.o)
    0x00008afe   0x00008afe   0x0000000e   Code   RO         3381    .text               mc_w.l(strlen.o)
    0x00008b0c   0x00008b0c   0x0000002c   Code   RO         3683    .text               mc_w.l(uidiv.o)
    0x00008b38   0x00008b38   0x0000001e   Code   RO         3685    .text               mc_w.l(llshl.o)
    0x00008b56   0x00008b56   0x00000020   Code   RO         3687    .text               mc_w.l(llushr.o)
    0x00008b76   0x00008b76   0x00000002   PAD
    0x00008b78   0x00008b78   0x00000024   Code   RO         3700    .text               mc_w.l(init.o)
    0x00008b9c   0x00008b9c   0x0000005e   Code   RO         3711    .text               mc_w.l(__dclz77c.o)
    0x00008bfa   0x00008bfa   0x00000002   PAD
    0x00008bfc   0x00008bfc   0x00000028   Code   RO         3434    i.__0sprintf$1      mc_w.l(printf1.o)
    0x00008c24   0x00008c24   0x0000000e   Code   RO         3705    i.__scatterload_copy  mc_w.l(handlers.o)
    0x00008c32   0x00008c32   0x00000002   Code   RO         3706    i.__scatterload_null  mc_w.l(handlers.o)
    0x00008c34   0x00008c34   0x0000000e   Code   RO         3707    i.__scatterload_zeroinit  mc_w.l(handlers.o)
    0x00008c42   0x00008c42   0x00000002   PAD
    0x00008c44   0x00008c44   0x00000154   Code   RO         3439    i._printf_core      mc_w.l(printf1.o)
    0x00008d98   0x00008d98   0x0000000a   Code   RO         3441    i._sputc            mc_w.l(printf1.o)
    0x00008da2   0x00008da2   0x000014f5   Data   RO          211    .constdata          lpc177x_8x_lcd.o
    0x0000a297   0x0000a297   0x00000001   PAD
    0x0000a298   0x0000a298   0x000005a0   Data   RO          255    .constdata          logo.o
    0x0000a838   0x0000a838   0x00000a64   Data   RO          280    .constdata          asciilib.o
    0x0000b29c   0x0000b29c   0x00000340   Data   RO          283    .constdata          asciilib.o
    0x0000b5dc   0x0000b5dc   0x00000028   Data   RO          346    .constdata          use_disp.o
    0x0000b604   0x0000b604   0x00000028   Data   RO          347    .constdata          use_disp.o
    0x0000b62c   0x0000b62c   0x0000000f   Data   RO          348    .constdata          use_disp.o
    0x0000b63b   0x0000b63b   0x00000078   Data   RO          349    .constdata          use_disp.o
    0x0000b6b3   0x0000b6b3   0x000000dc   Data   RO          350    .constdata          use_disp.o
    0x0000b78f   0x0000b78f   0x00000160   Data   RO          351    .constdata          use_disp.o
    0x0000b8ef   0x0000b8ef   0x00000006   Data   RO          396    .constdata          key.o
    0x0000b8f5   0x0000b8f5   0x00000003   PAD
    0x0000b8f8   0x0000b8f8   0x0000006b   Data   RO          455    .constdata          test.o
    0x0000b963   0x0000b963   0x00000200   Data   RO          990    .constdata          modbus_slave.o
    0x0000bb63   0x0000bb63   0x00000001   PAD
    0x0000bb64   0x0000bb64   0x00000059   Data   RO          820    .conststring        debug_frmwrk.o
    0x0000bbbd   0x0000bbbd   0x00000003   PAD
    0x0000bbc0   0x0000bbc0   0x00000020   Data   RO         3704    Region$$Table       anon$$obj.o


    Execution Region RW_IRAM1 (Exec base: 0x10000000, Load base: 0x0000bbe0, Size: 0x00003db8, Max: 0x00010000, ABSOLUTE, COMPRESSED[0x00000e84])

    Exec Addr    Load Addr    Size         Type   Attr      Idx    E Section Name        Object

    0x10000000   COMPRESSED   0x0000000c   Data   RW            6    .data               main.o
    0x1000000c   COMPRESSED   0x00000001   Data   RW            9    .data               main.o
    0x1000000d   COMPRESSED   0x00000001   Data   RW           10    .data               main.o
    0x1000000e   COMPRESSED   0x00000002   PAD
    0x10000010   COMPRESSED   0x00000010   Data   RW          165    .data               timer.o
    0x10000020   COMPRESSED   0x00000008   Data   RW          212    .data               lpc177x_8x_lcd.o
    0x10000028   COMPRESSED   0x0000001c   Data   RW          256    .data               logo.o
    0x10000044   COMPRESSED   0x00002640   Data   RW          286    .data               asciilib.o
    0x10002684   COMPRESSED   0x00000274   Data   RW          458    .data               test.o
    0x100028f8   COMPRESSED   0x00000001   Data   RW          463    .data               test.o
    0x100028f9   COMPRESSED   0x00000003   PAD
    0x100028fc   COMPRESSED   0x00000004   Data   RW          537    .data               globalvalue.o
    0x10002900   COMPRESSED   0x00000001   Data   RW          539    .data               globalvalue.o
    0x10002901   COMPRESSED   0x00000003   PAD
    0x10002904   COMPRESSED   0x00000004   Data   RW          540    .data               globalvalue.o
    0x10002908   COMPRESSED   0x00000186   Data   RW          611    .data               set_manu.o
    0x10002a8e   COMPRESSED   0x00000002   PAD
    0x10002a90   COMPRESSED   0x00000004   Data   RW          646    .data               bsp_bmp.o
    0x10002a94   COMPRESSED   0x00000010   Data   RW          689    .data               system_lpc177x_8x.o
    0x10002aa4   COMPRESSED   0x0000003c   Data   RW          821    .data               debug_frmwrk.o
    0x10002ae0   COMPRESSED   0x0000003c   Data   RW          991    .data               modbus_slave.o
    0x10002b1c   COMPRESSED   0x00000008   Data   RW         1022    .data               ff.o
    0x10002b24   COMPRESSED   0x00000008   Data   RW         1075    .data               diskio.o
    0x10002b2c   COMPRESSED   0x00000008   Data   RW         1111    .data               usbhost_ms.o
    0x10002b34   COMPRESSED   0x00000038   Data   RW         1134    .data               usbhost_lpc17xx.o
    0x10002b6c        -       0x0000000c   Zero   RW          395    .bss                key.o
    0x10002b78        -       0x000000a8   Zero   RW          450    .bss                test.o
    0x10002c20        -       0x00000224   Zero   RW          454    .bss                test.o
    0x10002e44        -       0x000000dc   Zero   RW          530    .bss                globalvalue.o
    0x10002f20        -       0x000000dc   Zero   RW          531    .bss                globalvalue.o
    0x10002ffc        -       0x0000000c   Zero   RW          536    .bss                globalvalue.o
    0x10003008        -       0x00000014   Zero   RW          609    .bss                set_manu.o
    0x1000301c        -       0x00000433   Zero   RW          819    .bss                debug_frmwrk.o
    0x1000344f        -       0x00000143   Zero   RW          989    .bss                modbus_slave.o
    0x10003592        -       0x00000024   Zero   RW         1074    .bss                diskio.o
    0x100035b6   COMPRESSED   0x00000002   PAD
    0x100035b8        -       0x00000800   Zero   RW          680    STACK               startup_lpc177x_8x.o


==============================================================================

Image component sizes


      Code (inc. data)   RO Data    RW Data    ZI Data      Debug   Object Name

        52          8       3492       9792          0       1490   asciilib.o
       452         68          0          4          0       6697   bsp_bmp.o
      1788        170         89         60       1075      27288   debug_frmwrk.o
       208         22          0          8         36       4110   diskio.o
       548         24          0          0          0       1095   ex_sdram.o
      5846         38          0          8          0      26034   ff.o
         0          0          0          9        452       6247   globalvalue.o
       396          6          6          0         12      12159   key.o
         0          0       1440         28          0       1854   logo.o
       216         26          0          0          0       1583   lpc177x_8x_clkpwr.o
       648         14          0          0          0       3217   lpc177x_8x_eeprom.o
       708         26          0          0          0      10279   lpc177x_8x_gpio.o
      5284         86       5365          8          0      23826   lpc177x_8x_lcd.o
       356          4          0          0          0       9114   lpc177x_8x_pinsel.o
      1516         30          0          0          0      16383   lpc177x_8x_uart.o
       312         28          0         14          0      49132   main.o
      1748         66        512         60        323       9311   modbus_slave.o
      2460         90          0        390         20       4912   set_manu.o
        36          8        228          0       2048        856   startup_lpc177x_8x.o
       440         20          0         16          0       1275   system_lpc177x_8x.o
      7136        322        107        629        716      17705   test.o
       552         28          0         16          0      42337   timer.o
         0          0          0          0          0       6776   touchpanel.o
      1484         56          0         56          0      26033   usbhost_lpc17xx.o
      1080         20          0          8          0       5287   usbhost_ms.o
      1844         58        787          0          0      11590   use_disp.o

    ----------------------------------------------------------------------
     35112       1218      12066      11116       4684     326590   Object Totals
         0          0         32          0          0          0   (incl. Generated)
         2          0          8         10          2          0   (incl. Padding)

    ----------------------------------------------------------------------

      Code (inc. data)   RO Data    RW Data    ZI Data      Debug   Library Member Name

        94          0          0          0          0          0   __dclz77c.o
         0          0          0          0          0          0   entry.o
         0          0          0          0          0          0   entry10a.o
         0          0          0          0          0          0   entry11a.o
         8          4          0          0          0          0   entry2.o
         4          0          0          0          0          0   entry5.o
         0          0          0          0          0          0   entry7b.o
         0          0          0          0          0          0   entry8b.o
         8          4          0          0          0          0   entry9a.o
        30          0          0          0          0          0   handlers.o
        36          8          0          0          0         68   init.o
        30          0          0          0          0         68   llshl.o
        32          0          0          0          0         68   llushr.o
        64          0          0          0          0         76   memmovea.o
        36          0          0          0          0        108   memseta.o
       390         10          0          0          0        252   printf1.o
        14          0          0          0          0         68   strlen.o
        24          0          0          0          0         76   strncpy.o
        44          0          0          0          0         80   uidiv.o
        98          0          0          0          0         92   uldiv.o

    ----------------------------------------------------------------------
       918         26          0          0          0        956   Library Totals
         6          0          0          0          0          0   (incl. Padding)

    ----------------------------------------------------------------------

      Code (inc. data)   RO Data    RW Data    ZI Data      Debug   Library Name

       912         26          0          0          0        956   mc_w.l

    ----------------------------------------------------------------------
       918         26          0          0          0        956   Library Totals

    ----------------------------------------------------------------------

==============================================================================


      Code (inc. data)   RO Data    RW Data    ZI Data      Debug   

     36030       1244      12066      11116       4684     324450   Grand Totals
     36030       1244      12066       3716       4684     324450   ELF Image Totals (compressed)
     36030       1244      12066       3716          0          0   ROM Totals

==============================================================================

    Total RO  Size (Code + RO Data)                48096 (  46.97kB)
    Total RW  Size (RW Data + ZI Data)             15800 (  15.43kB)
    Total ROM Size (Code + RO Data + RW Data)      51812 (  50.60kB)

==============================================================================

